[benglalyrics.blogspot.com/index.html]
[backblue.gif]
[fade.gif]
[index.html]
[benglalyrics.blogspot.com/favicon.ico]
[benglalyrics.blogspot.com/feeds/posts/default]
[benglalyrics.blogspot.com/feeds/posts/default9522]
[ajax.googleapis.com/ajax/libs/jquery/3.3.1/jquery.min.js]
[cdn.statically.io/gh/TaufiqHdyt/CDN/fd1ce28b/font-awesome-5-pro/css/all.min.css]
[2.bp.blogspot.com/-fjaZBtfvzac/UN1mw2tUamI/AAAAAAAADkc/XdKqt8hWZ6w/s1600/anon.jpg]
[4.bp.blogspot.com/-cmZSAe4hgWI/V0K-3C5xiHI/AAAAAAAAG90/2btatUgRsM4qf8HIc7QweuToTkRqRNeuACLcB/s1600/delete.png]
[pagead2.googlesyndication.com/pagead/js/fa1f6.txt]
[benglalyrics.blogspot.com/2023/02/blog-post_60.html]
[blogger.googleusercontent.com/img/b/R29vZ2xl/AVvXsEj5949HJa4BJ_eAyw1Qwb7hQI57iyrIQexC2e8WSVY/w640-h382/photo1677340918.jpeg]
[benglalyrics.blogspot.com/2023/02/japan-diana-hot-girl-videos.html]
[blogger.googleusercontent.com/img/b/R29vZ2xl/AVvXsEj26mPXVtKxZgQmjlvK1LcX1wY4RUfcuLZ8rqrwOrC/w640-h382/Untitled design (3) (7).png]
[benglalyrics.blogspot.com/2023/02/bella-mur-free-adults-hot-girl-videos.html]
[blogger.googleusercontent.com/img/b/R29vZ2xl/AVvXsEigNmDsmp6CZUTKPiGypTnJzVyDx2z4c3-Abu52ZdK/w640-h382/Untitled design (3) (10).png]
[benglalyrics.blogspot.com/2023/02/blog-post_25.html]
[blogger.googleusercontent.com/img/b/R29vZ2xl/AVvXsEjWKa4TYtbMfs8DjzaPs4PymJ5ZZDiWnWEZF6vj03e/w640-h382/Untitled design (3) (3).png]
[benglalyrics.blogspot.com/2023/02/japan-zhang-yun-xi-hot-girl-videos.html]
[blogger.googleusercontent.com/img/b/R29vZ2xl/AVvXsEiYtABDPTdrNKKeEvxzpRLOi87LcuRZLS0c_1sOnOZ/w640-h382/Untitled design (3) (4).png]
[benglalyrics.blogspot.com/searchfbf8.html]
[www.blogger.com/static/v1/widgets/2492653901-widgets.js]
[benglalyrics.blogspot.com/index.html]
[cdn.statically.io/gh/TaufiqHdyt/CDN/fd1ce28b/font-awesome-5-pro/css/all.min.css]
[www.blogger.com/dyn-css/authorization475a.css]
[benglalyrics.blogspot.com/1o_/2y.V.1L/2z/index.html]
[benglalyrics.blogspot.com/feeds/7833839937960182366/comments/default]
[3.bp.blogspot.com/-fr42e67HG4I/Vky8HLexiEI/AAAAAAAAM0I/MLMd2qwIH1E/s1600/avatar.png]
[benglalyrics.blogspot.com/search/label/Koreane252.html]
[benglalyrics.blogspot.com/search/label/Korean hot girle252.html]
[blogger.googleusercontent.com/img/b/R29vZ2xl/AVvXsEj5949HJa4BJ_eAyw1Qwb7hQI57iyrIQexC2e8WSVY/s1200/photo1677340918.jpeg]
[blogger.googleusercontent.com/img/b/R29vZ2xl/AVvXsEjtpEAC67f-Vxbpd672Fj3VxBGNhHxH_PsInhvG6V_/s1154/IMG_20230224_101742_583.jpg]
[blogger.googleusercontent.com/img/b/R29vZ2xl/AVvXsEjtpEAC67f-Vxbpd672Fj3VxBGNhHxH_PsInhvG6V_/w442-h640/IMG_20230224_101742_583.jpg]
[blogger.googleusercontent.com/img/b/R29vZ2xl/AVvXsEi10ehiZ4o9LSENZGe3EnwqqWcDTRW9dzLLKVT8cpR/s1131/IMG_20230224_101742_63.jpg]
[blogger.googleusercontent.com/img/b/R29vZ2xl/AVvXsEi10ehiZ4o9LSENZGe3EnwqqWcDTRW9dzLLKVT8cpR/w420-h640/IMG_20230224_101742_63.jpg]
[www.blogger.com/static/v1/jsbin/976584016-comment_from_post_iframe.js]
[cdn.jsdelivr.net/gh/twitter/twemoji@v11.0.0/36x36/1f600.png]
[cdn.jsdelivr.net/gh/twitter/twemoji@v11.0.0/36x36/1f615.png]
[cdn.jsdelivr.net/gh/twitter/twemoji@v11.0.0/36x36/1f601.png]
[cdn.jsdelivr.net/gh/twitter/twemoji@v11.0.0/36x36/1f60f.png]
[cdn.jsdelivr.net/gh/twitter/twemoji@v11.0.0/36x36/1f603.png]
[cdn.jsdelivr.net/gh/twitter/twemoji@v11.0.0/36x36/1f62c.png]
[cdn.jsdelivr.net/gh/twitter/twemoji@v11.0.0/36x36/1f604.png]
[cdn.jsdelivr.net/gh/twitter/twemoji@v11.0.0/36x36/1f61e.png]
[cdn.jsdelivr.net/gh/twitter/twemoji@v11.0.0/36x36/1f62d.png]
[cdn.jsdelivr.net/gh/twitter/twemoji@v11.0.0/36x36/1f616.png]
[cdn.jsdelivr.net/gh/twitter/twemoji@v11.0.0/36x36/1f61c.png]
[cdn.jsdelivr.net/gh/twitter/twemoji@v11.0.0/36x36/1f62e.png]
[cdn.jsdelivr.net/gh/twitter/twemoji@v11.0.0/36x36/1f606.png]
[cdn.jsdelivr.net/gh/twitter/twemoji@v11.0.0/36x36/1f609.png]
[cdn.jsdelivr.net/gh/twitter/twemoji@v11.0.0/36x36/1f614.png]
[cdn.jsdelivr.net/gh/twitter/twemoji@v11.0.0/36x36/1f619.png]
[cdn.jsdelivr.net/gh/twitter/twemoji@v11.0.0/36x36/1f625.png]
[cdn.jsdelivr.net/gh/twitter/twemoji@v11.0.0/36x36/1f620.png]
[cdn.jsdelivr.net/gh/twitter/twemoji@v11.0.0/36x36/1f60e.png]
[cdn.jsdelivr.net/gh/twitter/twemoji@v11.0.0/36x36/1f624.png]
[cdn.jsdelivr.net/gh/twitter/twemoji@v11.0.0/36x36/1f634.png]
[cdn.jsdelivr.net/gh/twitter/twemoji@v11.0.0/36x36/1f635.png]
[cdn.jsdelivr.net/gh/twitter/twemoji@v11.0.0/36x36/1f637.png]
[cdn.jsdelivr.net/gh/twitter/twemoji@v11.0.0/36x36/1f35c.png]
[cdn.jsdelivr.net/gh/twitter/twemoji@v11.0.0/36x36/1f60d.png]
[cdn.jsdelivr.net/gh/twitter/twemoji@v11.0.0/36x36/1f496.png]
[benglalyrics.blogspot.com/2023/02/blog-post_60.html]
[benglalyrics.blogspot.com/2023/02/1o_/2y.V.1L/2z/index.html]
[benglalyrics.blogspot.com/2I-c/index.html]
[benglalyrics.blogspot.com/feeds/3879292687584380301/comments/default]
[blogger.googleusercontent.com/img/b/R29vZ2xl/AVvXsEj26mPXVtKxZgQmjlvK1LcX1wY4RUfcuLZ8rqrwOrC/s1200/Untitled design (3) (7).png]
[blogger.googleusercontent.com/img/b/R29vZ2xl/AVvXsEg7RnS8QlTCXyhIecgsLAXy2VIgDnN6x484Np5CAgl/s1280/IMG_20230228_063303_329.jpg]
[blogger.googleusercontent.com/img/b/R29vZ2xl/AVvXsEg7RnS8QlTCXyhIecgsLAXy2VIgDnN6x484Np5CAgl/w426-h640/IMG_20230228_063303_329.jpg]
[blogger.googleusercontent.com/img/b/R29vZ2xl/AVvXsEilqMeddov3gGaWqJpUoKh2-76jylNI6Fv1ZnSzSbD/s1280/IMG_20230228_063303_201.jpg]
[blogger.googleusercontent.com/img/b/R29vZ2xl/AVvXsEilqMeddov3gGaWqJpUoKh2-76jylNI6Fv1ZnSzSbD/w640-h426/IMG_20230228_063303_201.jpg]
[blogger.googleusercontent.com/img/b/R29vZ2xl/AVvXsEikF-BU4Piqcf74OWAqBv4qPieD6ji5s0qyt3fadq5/s1280/IMG_20230228_063302_887.jpg]
[blogger.googleusercontent.com/img/b/R29vZ2xl/AVvXsEikF-BU4Piqcf74OWAqBv4qPieD6ji5s0qyt3fadq5/w426-h640/IMG_20230228_063302_887.jpg]
[benglalyrics.blogspot.com/2023/02/japan-diana-hot-girl-videos.html]
[benglalyrics.blogspot.com/feeds/7903263067432340489/comments/default]
[blogger.googleusercontent.com/img/b/R29vZ2xl/AVvXsEigNmDsmp6CZUTKPiGypTnJzVyDx2z4c3-Abu52ZdK/s1200/Untitled design (3) (10).png]
[blogger.googleusercontent.com/img/b/R29vZ2xl/AVvXsEgrAYhSyIVOT-JZl3H_hsfs-j371P4bVHVk8ary4eu/s1280/IMG_20230228_062913_885.jpg]
[blogger.googleusercontent.com/img/b/R29vZ2xl/AVvXsEgrAYhSyIVOT-JZl3H_hsfs-j371P4bVHVk8ary4eu/w442-h640/IMG_20230228_062913_885.jpg]
[blogger.googleusercontent.com/img/b/R29vZ2xl/AVvXsEihbFtRa420zHTQ-HfoFwvdAPSlAv2NcOvzwmIMP14/s1280/IMG_20230228_062904_910.jpg]
[blogger.googleusercontent.com/img/b/R29vZ2xl/AVvXsEihbFtRa420zHTQ-HfoFwvdAPSlAv2NcOvzwmIMP14/w440-h640/IMG_20230228_062904_910.jpg]
[blogger.googleusercontent.com/img/b/R29vZ2xl/AVvXsEhvd-fnUeoqfnQD8QohlA5OBGQRXE1zWYgNlp2-jUd/s1280/IMG_20230228_062907_436.jpg]
[blogger.googleusercontent.com/img/b/R29vZ2xl/AVvXsEhvd-fnUeoqfnQD8QohlA5OBGQRXE1zWYgNlp2-jUd/w442-h640/IMG_20230228_062907_436.jpg]
[benglalyrics.blogspot.com/2023/02/bella-mur-free-adults-hot-girl-videos.html]
[benglalyrics.blogspot.com/feeds/432392512252224086/comments/default]
[blogger.googleusercontent.com/img/b/R29vZ2xl/AVvXsEjWKa4TYtbMfs8DjzaPs4PymJ5ZZDiWnWEZF6vj03e/s1200/Untitled design (3) (3).png]
[blogger.googleusercontent.com/img/b/R29vZ2xl/AVvXsEi8JRsRyIRdHodeThmzKB1nXqvwStxZ1GamuSFJnGZ/s1150/IMG_20230224_101725_206.jpg]
[blogger.googleusercontent.com/img/b/R29vZ2xl/AVvXsEi8JRsRyIRdHodeThmzKB1nXqvwStxZ1GamuSFJnGZ/w434-h640/IMG_20230224_101725_206.jpg]
[blogger.googleusercontent.com/img/b/R29vZ2xl/AVvXsEiZ3KbRngwILKCU8b6QgQRI7HcVWAJ9o4qc8A5ygMC/s1064/IMG_20230224_101725_461.jpg]
[blogger.googleusercontent.com/img/b/R29vZ2xl/AVvXsEiZ3KbRngwILKCU8b6QgQRI7HcVWAJ9o4qc8A5ygMC/w452-h640/IMG_20230224_101725_461.jpg]
[blogger.googleusercontent.com/img/b/R29vZ2xl/AVvXsEhQvNA6lInQVFH2B5I_v4x4fUDzQXx234991TpS3Ik/s1125/IMG_20230224_101725_552.jpg]
[blogger.googleusercontent.com/img/b/R29vZ2xl/AVvXsEhQvNA6lInQVFH2B5I_v4x4fUDzQXx234991TpS3Ik/w470-h640/IMG_20230224_101725_552.jpg]
[benglalyrics.blogspot.com/2023/02/blog-post_25.html]
[benglalyrics.blogspot.com/feeds/6565708447035993533/comments/default]
[benglalyrics.blogspot.com/search/label/Cute girle252.html]
[blogger.googleusercontent.com/img/b/R29vZ2xl/AVvXsEiYtABDPTdrNKKeEvxzpRLOi87LcuRZLS0c_1sOnOZ/s1200/Untitled design (3) (4).png]
[blogger.googleusercontent.com/img/b/R29vZ2xl/AVvXsEjfqbZoSBN_w4UH_aIfIkBui1IJ5iUMWb062ajgY2X/s675/Screenshot_20230228-125104_1.jpg]
[blogger.googleusercontent.com/img/b/R29vZ2xl/AVvXsEjfqbZoSBN_w4UH_aIfIkBui1IJ5iUMWb062ajgY2X/w640-h438/Screenshot_20230228-125104_1.jpg]
[blogger.googleusercontent.com/img/b/R29vZ2xl/AVvXsEgNm9tZO3-Jo08ygm22hfJ4VKaUIcohD-9viwgxK9l/s675/Screenshot_20230228-125058_1.jpg]
[blogger.googleusercontent.com/img/b/R29vZ2xl/AVvXsEgNm9tZO3-Jo08ygm22hfJ4VKaUIcohD-9viwgxK9l/w640-h438/Screenshot_20230228-125058_1.jpg]
[blogger.googleusercontent.com/img/b/R29vZ2xl/AVvXsEh_w0ZXe-rG8PfRDdFeYnt8IWblgYehwWZmPzl3uRW/s675/Screenshot_20230228-125052_1.jpg]
[blogger.googleusercontent.com/img/b/R29vZ2xl/AVvXsEh_w0ZXe-rG8PfRDdFeYnt8IWblgYehwWZmPzl3uRW/w640-h436/Screenshot_20230228-125052_1.jpg]
[benglalyrics.blogspot.com/2023/02/japan-zhang-yun-xi-hot-girl-videos.html]
[benglalyrics.blogspot.com/2023/02/amarican-big-boobs-antuy-pron-videos.html]
[blogger.googleusercontent.com/img/b/R29vZ2xl/AVvXsEgwhCdEZtCVlAcc2x8Iv3ARQ6oGl6glxQbEVKxf2IL/w640-h382/Untitled design.png]
[benglalyrics.blogspot.com/2023/02/big-boobs-antuy-pron-videos.html]
[blogger.googleusercontent.com/img/b/R29vZ2xl/AVvXsEhJZs-gBvkoxgTwqVqRCIoZMxn9DhtcH3QKizP-hi3/w640-h382/Untitled design (3) (1).png]
[benglalyrics.blogspot.com/2023/02/big-boobs-teacher-pron-videos.html]
[blogger.googleusercontent.com/img/b/R29vZ2xl/AVvXsEhibMRlwuGRdx8WdbRs3QiImHxeABackILQuh9Xl8Z/w640-h382/Untitled design (2).png]
[benglalyrics.blogspot.com/2023/02/zhang-yun-xi-hot-police-videos.html]
[blogger.googleusercontent.com/img/b/R29vZ2xl/AVvXsEhGLsOGF_dacMb07pT-pRaexQ-vmdh1Yrd6cpJ96e7/w640-h382/Untitled design (2).png]
[benglalyrics.blogspot.com/2023/02/zhang-yun-xi-hot-girl-videos.html]
[blogger.googleusercontent.com/img/b/R29vZ2xl/AVvXsEg97nop68ReeKhvQEAeypgtx_x135cS2wC4QAISfXI/w640-h382/Untitled design (1).png]
[benglalyrics.blogspot.com/searchfbf8.html]
[benglalyrics.blogspot.com/1o_/2y.V.1L/2z/index.html]
[benglalyrics.blogspot.com/searchbb0a.html]
[benglalyrics.blogspot.com/search/label/Korean8e18.html]
[benglalyrics.blogspot.com/2023/02/yumi-kazama-xx-videos.html]
[blogger.googleusercontent.com/img/b/R29vZ2xl/AVvXsEhMrp4CqIzRDhUO-Yoid00IaVvO2UYf_XuhXvqhFN0/w640-h382/Untitled design (3) (4).png]
[benglalyrics.blogspot.com/2023/02/korean-mistress-rose-hot-girl-videos.html]
[blogger.googleusercontent.com/img/b/R29vZ2xl/AVvXsEiPYDCsH92JlFy2Nm2yTbTIomNpE0JKFPke7rUuRvb/w640-h382/Untitled design (3) (4).png]
[benglalyrics.blogspot.com/2023/02/indian-big-boobs-hot-actress-sex-videos.html]
[blogger.googleusercontent.com/img/b/R29vZ2xl/AVvXsEiMMa0wntx8FSWEmu0oCiFkD89njG6v5I2f6XH_uTL/w640-h382/Untitled design (3) (17).png]
[benglalyrics.blogspot.com/2023/02/japanese-pron-web-series-video.html]
[blogger.googleusercontent.com/img/b/R29vZ2xl/AVvXsEgWk8EH7o1cpxFSa-ByXLXpmKkcUizjFw0DGkJhpLY/w640-h382/Untitled design (3) (25).png]
[benglalyrics.blogspot.com/2023/02/indonesian-cute-big-boobs-girl-hot-video.html]
[blogger.googleusercontent.com/img/b/R29vZ2xl/AVvXsEiqoweGSXz-2Cthkf4VE3OtVQ4PlO1v294GG_4QMk2/w640-h382/Untitled design (3) (9).png]
[benglalyrics.blogspot.com/search/label/Koreane252.html]
[benglalyrics.blogspot.com/search/label/Korean6ffb.html]
[benglalyrics.blogspot.com/search/label/Korean hot girl8e18.html]
[benglalyrics.blogspot.com/search/label/1o_/2y.V.1L/2z/index.html]
[benglalyrics.blogspot.com/2023/02/mistress-rose-free-photos.html]
[blogger.googleusercontent.com/img/b/R29vZ2xl/AVvXsEj--Z7acLucWexpdYRn-LxJXUDG7tjfZVjLzGq8yQM/w640-h382/Untitled design.png]
[benglalyrics.blogspot.com/2023/02/bella-mur-free-pron-videos.html]
[blogger.googleusercontent.com/img/b/R29vZ2xl/AVvXsEg5CZUypAQeMmJISHeXccImDpa5ZDv9w4eM7MoR597/w640-h382/Untitled design (3) (5).png]
[benglalyrics.blogspot.com/2023/02/japanese-pron-web-series.html]
[blogger.googleusercontent.com/img/b/R29vZ2xl/AVvXsEiL3mU0sXOSH2g_n_PTW9peVs7xDFleLpRzl34HzSV/w640-h382/Untitled design (3) (26).png]
[benglalyrics.blogspot.com/search/label/Korean hot girle252.html]
[benglalyrics.blogspot.com/search/label/Korean hot girl6ffb.html]
[benglalyrics.blogspot.com/2I-c/index.html]
[benglalyrics.blogspot.com/2023/02/1o_/2y.V.1L/2z/index.html]
[benglalyrics.blogspot.com/search/label/Cute girl8e18.html]
[benglalyrics.blogspot.com/2023/02/zhang-yun-xi-sex-videos.html]
[blogger.googleusercontent.com/img/b/R29vZ2xl/AVvXsEjzmQHQcUTvgQap4hMEBriAYVJseSIftySjpX0Qav7/w640-h382/Untitled design (2).png]
[benglalyrics.blogspot.com/2023/02/yumi-kazama-free-photos.html]
[blogger.googleusercontent.com/img/b/R29vZ2xl/AVvXsEjVd-nh4UmWIXCbxKuR0QLPtJXlIexonPhYTiJoV6a/w640-h382/Untitled design (2).png]
[benglalyrics.blogspot.com/2023/02/yumi-kazama-pron-videos.html]
[blogger.googleusercontent.com/img/b/R29vZ2xl/AVvXsEgUGEKWTNmID7xuDJGQX7GWhIOa1-RLy4RaeuppenV/w640-h382/Untitled design (3) (5).png]
[benglalyrics.blogspot.com/2023/02/yumi-kazama-hot-girl-videos_27.html]
[blogger.googleusercontent.com/img/b/R29vZ2xl/AVvXsEhTx-OdkQ3lB1pTwpT-rPToTui-tJ64_vq_D1FS-zD/w640-h382/Untitled design (3) (7).png]
[benglalyrics.blogspot.com/search/label/Cute girle252.html]
[benglalyrics.blogspot.com/search/label/Cute girlfbbe.html]
[benglalyrics.blogspot.com/feeds/6823055265866533562/comments/default]
[benglalyrics.blogspot.com/search/label/Amaricane252.html]
[benglalyrics.blogspot.com/search/label/Amarican hot girle252.html]
[blogger.googleusercontent.com/img/b/R29vZ2xl/AVvXsEgwhCdEZtCVlAcc2x8Iv3ARQ6oGl6glxQbEVKxf2IL/s1200/Untitled design.png]
[blogger.googleusercontent.com/img/b/R29vZ2xl/AVvXsEipo2ARYDn2uI9-P-VNv0KNW-BgFHNxZL8JagSjS_j/s675/Screenshot_20230228-125227_1.jpg]
[blogger.googleusercontent.com/img/b/R29vZ2xl/AVvXsEipo2ARYDn2uI9-P-VNv0KNW-BgFHNxZL8JagSjS_j/w640-h420/Screenshot_20230228-125227_1.jpg]
[blogger.googleusercontent.com/img/b/R29vZ2xl/AVvXsEgGUXqScFB8fZAOZ4GP5qxAPmApSA7ErF0TsXx6I7x/s675/Screenshot_20230228-125224_1.jpg]
[blogger.googleusercontent.com/img/b/R29vZ2xl/AVvXsEgGUXqScFB8fZAOZ4GP5qxAPmApSA7ErF0TsXx6I7x/w640-h428/Screenshot_20230228-125224_1.jpg]
[blogger.googleusercontent.com/img/b/R29vZ2xl/AVvXsEhqhEZodMynNyvs-pVknC5IKiVZ95hNzxJi0hARR2v/s1020/Screenshot_20230228-125236_1.jpg]
[blogger.googleusercontent.com/img/b/R29vZ2xl/AVvXsEhqhEZodMynNyvs-pVknC5IKiVZ95hNzxJi0hARR2v/w414-h640/Screenshot_20230228-125236_1.jpg]
[benglalyrics.blogspot.com/2023/02/amarican-big-boobs-antuy-pron-videos.html]
[benglalyrics.blogspot.com/feeds/7719425861946815031/comments/default]
[blogger.googleusercontent.com/img/b/R29vZ2xl/AVvXsEhJZs-gBvkoxgTwqVqRCIoZMxn9DhtcH3QKizP-hi3/s1200/Untitled design (3) (1).png]
[blogger.googleusercontent.com/img/b/R29vZ2xl/AVvXsEgMFQnn_geJIMfZLhuW0ZxftxUXmvMNmenKtX2RqO4/s889/Screenshot_20230228-124859_1.jpg]
[blogger.googleusercontent.com/img/b/R29vZ2xl/AVvXsEgMFQnn_geJIMfZLhuW0ZxftxUXmvMNmenKtX2RqO4/w486-h640/Screenshot_20230228-124859_1.jpg]
[blogger.googleusercontent.com/img/b/R29vZ2xl/AVvXsEhrtu1u85jFW-L-fqkIq3pZjKtXddRTKApiBOWPIV2/s695/Screenshot_20230228-124912_1.jpg]
[blogger.googleusercontent.com/img/b/R29vZ2xl/AVvXsEhrtu1u85jFW-L-fqkIq3pZjKtXddRTKApiBOWPIV2/w622-h640/Screenshot_20230228-124912_1.jpg]
[blogger.googleusercontent.com/img/b/R29vZ2xl/AVvXsEjcn89QBewGakLz6Vs5wd-syFaPAHYKkQl7na3kHqw/s900/Screenshot_20230228-124903_1.jpg]
[blogger.googleusercontent.com/img/b/R29vZ2xl/AVvXsEjcn89QBewGakLz6Vs5wd-syFaPAHYKkQl7na3kHqw/w480-h640/Screenshot_20230228-124903_1.jpg]
[benglalyrics.blogspot.com/2023/02/big-boobs-antuy-pron-videos.html]
[benglalyrics.blogspot.com/feeds/7188980560440066516/comments/default]
[blogger.googleusercontent.com/img/b/R29vZ2xl/AVvXsEhibMRlwuGRdx8WdbRs3QiImHxeABackILQuh9Xl8Z/s1200/Untitled design (2).png]
[blogger.googleusercontent.com/img/b/R29vZ2xl/AVvXsEjpQSR0rB8tCAeG7KNbxckcIeRayh5OvzjuxE-Dwtq/s675/Screenshot_20230228-124818_1.jpg]
[blogger.googleusercontent.com/img/b/R29vZ2xl/AVvXsEjpQSR0rB8tCAeG7KNbxckcIeRayh5OvzjuxE-Dwtq/w640-h486/Screenshot_20230228-124818_1.jpg]
[blogger.googleusercontent.com/img/b/R29vZ2xl/AVvXsEjnwIQS-YIUuFzyDt9Ue-MhTepojTzexe4usFJ48kO/s846/Screenshot_20230228-124832_1.jpg]
[blogger.googleusercontent.com/img/b/R29vZ2xl/AVvXsEjnwIQS-YIUuFzyDt9Ue-MhTepojTzexe4usFJ48kO/w510-h640/Screenshot_20230228-124832_1.jpg]
[blogger.googleusercontent.com/img/b/R29vZ2xl/AVvXsEjihwTjShQJbT4ChcEE_9DSC7Yo_h16tYjVkCVLDEz/s675/Screenshot_20230228-124828_1.jpg]
[blogger.googleusercontent.com/img/b/R29vZ2xl/AVvXsEjihwTjShQJbT4ChcEE_9DSC7Yo_h16tYjVkCVLDEz/w640-h552/Screenshot_20230228-124828_1.jpg]
[benglalyrics.blogspot.com/2023/02/big-boobs-teacher-pron-videos.html]
[benglalyrics.blogspot.com/feeds/1653720177395608976/comments/default]
[blogger.googleusercontent.com/img/b/R29vZ2xl/AVvXsEhGLsOGF_dacMb07pT-pRaexQ-vmdh1Yrd6cpJ96e7/s1200/Untitled design (2).png]
[blogger.googleusercontent.com/img/b/R29vZ2xl/AVvXsEgX-G_1IK2q4GSdSTMFFCBO4R2nylaUQ9Z74LdzUxt/s887/Screenshot_20230228-125836_1.jpg]
[blogger.googleusercontent.com/img/b/R29vZ2xl/AVvXsEgX-G_1IK2q4GSdSTMFFCBO4R2nylaUQ9Z74LdzUxt/w488-h640/Screenshot_20230228-125836_1.jpg]
[blogger.googleusercontent.com/img/b/R29vZ2xl/AVvXsEj7Xcrg-_m8u_GKG7J-ceQBAZV1nQ7Rep--3Q5bFYR/w490-h640/Screenshot_20230228-125821_1.jpg]
[blogger.googleusercontent.com/img/b/R29vZ2xl/AVvXsEhXXq3HaNSLkpoMmQGHw1bug5y9g0YMn8bo4x8yR5x/s897/Screenshot_20230228-125810_1.jpg]
[blogger.googleusercontent.com/img/b/R29vZ2xl/AVvXsEhXXq3HaNSLkpoMmQGHw1bug5y9g0YMn8bo4x8yR5x/w482-h640/Screenshot_20230228-125810_1.jpg]
[benglalyrics.blogspot.com/2023/02/zhang-yun-xi-hot-police-videos.html]
[benglalyrics.blogspot.com/feeds/8907953972078749204/comments/default]
[blogger.googleusercontent.com/img/b/R29vZ2xl/AVvXsEg97nop68ReeKhvQEAeypgtx_x135cS2wC4QAISfXI/s1200/Untitled design (1).png]
[blogger.googleusercontent.com/img/b/R29vZ2xl/AVvXsEjeT6PpO3NwGPIf379f8xH5HrV933J_LEnTqjaehXb/s1058/Screenshot_20230228-125650_1.jpg]
[blogger.googleusercontent.com/img/b/R29vZ2xl/AVvXsEjeT6PpO3NwGPIf379f8xH5HrV933J_LEnTqjaehXb/w406-h640/Screenshot_20230228-125650_1.jpg]
[blogger.googleusercontent.com/img/b/R29vZ2xl/AVvXsEjjrk-uGkvJhH0yiFoiQiQ7b-egHwdOlyYAvZx71uq/s1149/Screenshot_20230228-125655_1.jpg]
[blogger.googleusercontent.com/img/b/R29vZ2xl/AVvXsEjjrk-uGkvJhH0yiFoiQiQ7b-egHwdOlyYAvZx71uq/w374-h640/Screenshot_20230228-125655_1.jpg]
[blogger.googleusercontent.com/img/b/R29vZ2xl/AVvXsEhUyS8LGXao8FmccfLQiJify1BdOpHP534T2qVymDg/s1169/Screenshot_20230228-125701_1.jpg]
[blogger.googleusercontent.com/img/b/R29vZ2xl/AVvXsEhUyS8LGXao8FmccfLQiJify1BdOpHP534T2qVymDg/w368-h640/Screenshot_20230228-125701_1.jpg]
[benglalyrics.blogspot.com/2023/02/zhang-yun-xi-hot-girl-videos.html]
[benglalyrics.blogspot.com/2023/02/yumi-kazama-free-adults-hot-girl-videos.html]
[blogger.googleusercontent.com/img/b/R29vZ2xl/AVvXsEhYz07WTqRfa_M_ECFf3ZoVh_YWstk4cKnBf-TCgkV/w640-h382/Untitled design (3) (2).png]
[benglalyrics.blogspot.com/searchf48d.html]
[benglalyrics.blogspot.com/searchbb0a.html]
[benglalyrics.blogspot.com/search/label/Korean8e18.html]
[benglalyrics.blogspot.com/searchf3ff.html]
[benglalyrics.blogspot.com/feeds/6378512038586936674/comments/default]
[blogger.googleusercontent.com/img/b/R29vZ2xl/AVvXsEhMrp4CqIzRDhUO-Yoid00IaVvO2UYf_XuhXvqhFN0/s1200/Untitled design (3) (4).png]
[blogger.googleusercontent.com/img/b/R29vZ2xl/AVvXsEi1124uBpThindmqOKsCeHISbu4ZrX8Dq8FwQ7kptg/s1157/Screenshot_20230228-113037_1.jpg]
[blogger.googleusercontent.com/img/b/R29vZ2xl/AVvXsEi1124uBpThindmqOKsCeHISbu4ZrX8Dq8FwQ7kptg/w374-h640/Screenshot_20230228-113037_1.jpg]
[blogger.googleusercontent.com/img/b/R29vZ2xl/AVvXsEjOBo73uc8YHKv5UNfaQrFyQvHtUFhGxRBkZxTDtmz/s1112/Screenshot_20230228-113029_1.jpg]
[blogger.googleusercontent.com/img/b/R29vZ2xl/AVvXsEjOBo73uc8YHKv5UNfaQrFyQvHtUFhGxRBkZxTDtmz/w388-h640/Screenshot_20230228-113029_1.jpg]
[blogger.googleusercontent.com/img/b/R29vZ2xl/AVvXsEijy2_44UAYNPbkdEYI8vfzWamNeSHuN7cf8JkyIrK/s979/Screenshot_20230228-113042_1.jpg]
[blogger.googleusercontent.com/img/b/R29vZ2xl/AVvXsEijy2_44UAYNPbkdEYI8vfzWamNeSHuN7cf8JkyIrK/w442-h640/Screenshot_20230228-113042_1.jpg]
[benglalyrics.blogspot.com/2023/02/yumi-kazama-xx-videos.html]
[benglalyrics.blogspot.com/feeds/6380234468655440852/comments/default]
[blogger.googleusercontent.com/img/b/R29vZ2xl/AVvXsEiPYDCsH92JlFy2Nm2yTbTIomNpE0JKFPke7rUuRvb/s1200/Untitled design (3) (4).png]
[blogger.googleusercontent.com/img/b/R29vZ2xl/AVvXsEjKvXnD8QWRGrFZ56FAmFT8XBIy-PR3jfFqM240gMi/s1280/IMG_20230228_063109_184.jpg]
[blogger.googleusercontent.com/img/b/R29vZ2xl/AVvXsEjKvXnD8QWRGrFZ56FAmFT8XBIy-PR3jfFqM240gMi/w426-h640/IMG_20230228_063109_184.jpg]
[blogger.googleusercontent.com/img/b/R29vZ2xl/AVvXsEj3NpXf5AEk4grxjQ0nTSv19zAwWjjciqCom3hzp-b/s1280/IMG_20230228_063109_487.jpg]
[blogger.googleusercontent.com/img/b/R29vZ2xl/AVvXsEj3NpXf5AEk4grxjQ0nTSv19zAwWjjciqCom3hzp-b/w426-h640/IMG_20230228_063109_487.jpg]
[blogger.googleusercontent.com/img/b/R29vZ2xl/AVvXsEjo6Z6KU3VUZL5SEGCbhGFYikQcBku71LwxPB5OsUM/s1280/IMG_20230228_063109_221.jpg]
[blogger.googleusercontent.com/img/b/R29vZ2xl/AVvXsEjo6Z6KU3VUZL5SEGCbhGFYikQcBku71LwxPB5OsUM/w426-h640/IMG_20230228_063109_221.jpg]
[benglalyrics.blogspot.com/2023/02/korean-mistress-rose-hot-girl-videos.html]
[benglalyrics.blogspot.com/feeds/3934076306774911347/comments/default]
[blogger.googleusercontent.com/img/b/R29vZ2xl/AVvXsEiMMa0wntx8FSWEmu0oCiFkD89njG6v5I2f6XH_uTL/s1200/Untitled design (3) (17).png]
[blogger.googleusercontent.com/img/b/R29vZ2xl/AVvXsEjY7H0Apg4gsp3VIwTYWfsszL3xnoEq_tp3Tqs6d8M/s1280/IMG_20230227_141610_559.jpg]
[blogger.googleusercontent.com/img/b/R29vZ2xl/AVvXsEjY7H0Apg4gsp3VIwTYWfsszL3xnoEq_tp3Tqs6d8M/w512-h640/IMG_20230227_141610_559.jpg]
[blogger.googleusercontent.com/img/b/R29vZ2xl/AVvXsEhGVWSwFrC8qjFPwIPMQHCmfQR3do5e9meqbg3FRFf/s1280/IMG_20230227_141600_300.jpg]
[blogger.googleusercontent.com/img/b/R29vZ2xl/AVvXsEhGVWSwFrC8qjFPwIPMQHCmfQR3do5e9meqbg3FRFf/w512-h640/IMG_20230227_141600_300.jpg]
[blogger.googleusercontent.com/img/b/R29vZ2xl/AVvXsEgf254ETucc1ehP0xJitXQe0fRp5ta-tej9D-5grfq/s1080/IMG_20230227_141606_751.jpg]
[blogger.googleusercontent.com/img/b/R29vZ2xl/AVvXsEgf254ETucc1ehP0xJitXQe0fRp5ta-tej9D-5grfq/w640-h640/IMG_20230227_141606_751.jpg]
[benglalyrics.blogspot.com/2023/02/indian-big-boobs-hot-actress-sex-videos.html]
[benglalyrics.blogspot.com/feeds/3858823619263465353/comments/default]
[blogger.googleusercontent.com/img/b/R29vZ2xl/AVvXsEgWk8EH7o1cpxFSa-ByXLXpmKkcUizjFw0DGkJhpLY/s1200/Untitled design (3) (25).png]
[blogger.googleusercontent.com/img/b/R29vZ2xl/AVvXsEh-0yAQhIkv6O4T1rFMv8PbiK_zBLICUPBvLy_poIO/s1280/IMG_20230227_144838_950.jpg]
[blogger.googleusercontent.com/img/b/R29vZ2xl/AVvXsEh-0yAQhIkv6O4T1rFMv8PbiK_zBLICUPBvLy_poIO/w438-h640/IMG_20230227_144838_950.jpg]
[blogger.googleusercontent.com/img/b/R29vZ2xl/AVvXsEi2-eLoEB8Z7-j3lWoPSO3RmHdH2ieBOFKxv1k_tNV/s1280/IMG_20230227_144850_332.jpg]
[blogger.googleusercontent.com/img/b/R29vZ2xl/AVvXsEi2-eLoEB8Z7-j3lWoPSO3RmHdH2ieBOFKxv1k_tNV/w440-h640/IMG_20230227_144850_332.jpg]
[benglalyrics.blogspot.com/2023/02/japanese-pron-web-series-video.html]
[benglalyrics.blogspot.com/feeds/3646120921651094137/comments/default]
[blogger.googleusercontent.com/img/b/R29vZ2xl/AVvXsEiqoweGSXz-2Cthkf4VE3OtVQ4PlO1v294GG_4QMk2/s1200/Untitled design (3) (9).png]
[blogger.googleusercontent.com/img/b/R29vZ2xl/AVvXsEihmi71bHHWhtxqvSsC9HR_-MJPSRZTPfVYIqPx1s1/s1280/IMG_20230226_141754_717.jpg]
[blogger.googleusercontent.com/img/b/R29vZ2xl/AVvXsEihmi71bHHWhtxqvSsC9HR_-MJPSRZTPfVYIqPx1s1/w444-h640/IMG_20230226_141754_717.jpg]
[blogger.googleusercontent.com/img/b/R29vZ2xl/AVvXsEh2U8yT-ApNxNmn0UieZtYUxXIU1nWpoiwqQwMY0_3/s1280/IMG_20230226_141849_330.jpg]
[blogger.googleusercontent.com/img/b/R29vZ2xl/AVvXsEh2U8yT-ApNxNmn0UieZtYUxXIU1nWpoiwqQwMY0_3/w394-h640/IMG_20230226_141849_330.jpg]
[benglalyrics.blogspot.com/2023/02/indonesian-cute-big-boobs-girl-hot-video.html]
[benglalyrics.blogspot.com/search/label/Korean6ffb.html]
[benglalyrics.blogspot.com/search/label/1o_/2y.V.1L/2z/index.html]
[benglalyrics.blogspot.com/search/label/Korean hot girl8e18.html]
[benglalyrics.blogspot.com/feeds/1584190117120648490/comments/default]
[blogger.googleusercontent.com/img/b/R29vZ2xl/AVvXsEj--Z7acLucWexpdYRn-LxJXUDG7tjfZVjLzGq8yQM/s1200/Untitled design.png]
[blogger.googleusercontent.com/img/b/R29vZ2xl/AVvXsEglQYQuKLW0e0fYJyXJ35u6JSJj9MV5MbAO0jK08W2/s1183/IMG_20230227_144837_009.jpg]
[blogger.googleusercontent.com/img/b/R29vZ2xl/AVvXsEglQYQuKLW0e0fYJyXJ35u6JSJj9MV5MbAO0jK08W2/w438-h640/IMG_20230227_144837_009.jpg]
[blogger.googleusercontent.com/img/b/R29vZ2xl/AVvXsEiXCVHYi9xGO4xrLvBdbZwBiYTm1GW0RVkbGLL6ZzN/s1280/IMG_20230227_144824_069.jpg]
[blogger.googleusercontent.com/img/b/R29vZ2xl/AVvXsEiXCVHYi9xGO4xrLvBdbZwBiYTm1GW0RVkbGLL6ZzN/w440-h640/IMG_20230227_144824_069.jpg]
[blogger.googleusercontent.com/img/b/R29vZ2xl/AVvXsEjU3lT4RHtMEvEYXCbt9b4gpn-rw7FrDc17ou9MJFh/s1238/IMG_20230227_073023_277.jpg]
[blogger.googleusercontent.com/img/b/R29vZ2xl/AVvXsEjU3lT4RHtMEvEYXCbt9b4gpn-rw7FrDc17ou9MJFh/w440-h640/IMG_20230227_073023_277.jpg]
[benglalyrics.blogspot.com/2023/02/mistress-rose-free-photos.html]
[benglalyrics.blogspot.com/feeds/4607027325911347845/comments/default]
[blogger.googleusercontent.com/img/b/R29vZ2xl/AVvXsEg5CZUypAQeMmJISHeXccImDpa5ZDv9w4eM7MoR597/s1200/Untitled design (3) (5).png]
[blogger.googleusercontent.com/img/b/R29vZ2xl/AVvXsEgx00H66t-9CnCCN3cMlYtjRz_kA8TlP48bqrKJmid/s907/Screenshot_20230227-204654_1.jpg]
[blogger.googleusercontent.com/img/b/R29vZ2xl/AVvXsEgx00H66t-9CnCCN3cMlYtjRz_kA8TlP48bqrKJmid/w476-h640/Screenshot_20230227-204654_1.jpg]
[blogger.googleusercontent.com/img/b/R29vZ2xl/AVvXsEiac8E-qs2P9tWYUeBo5DM-erTBr1zA354r3pXGFYL/s898/Screenshot_20230227-204633_1.jpg]
[blogger.googleusercontent.com/img/b/R29vZ2xl/AVvXsEiac8E-qs2P9tWYUeBo5DM-erTBr1zA354r3pXGFYL/w482-h640/Screenshot_20230227-204633_1.jpg]
[blogger.googleusercontent.com/img/b/R29vZ2xl/AVvXsEjjynMEKVz1AYJ9eVLvIVwTG-JiMeJ3V7RuYXg4Wuu/s859/Screenshot_20230227-204016_1.jpg]
[blogger.googleusercontent.com/img/b/R29vZ2xl/AVvXsEjjynMEKVz1AYJ9eVLvIVwTG-JiMeJ3V7RuYXg4Wuu/w502-h640/Screenshot_20230227-204016_1.jpg]
[benglalyrics.blogspot.com/2023/02/bella-mur-free-pron-videos.html]
[benglalyrics.blogspot.com/feeds/4931281574790151994/comments/default]
[blogger.googleusercontent.com/img/b/R29vZ2xl/AVvXsEiL3mU0sXOSH2g_n_PTW9peVs7xDFleLpRzl34HzSV/s1200/Untitled design (3) (26).png]
[blogger.googleusercontent.com/img/b/R29vZ2xl/AVvXsEgMYEjH2-35KFXzNmGm77Jn528ZZyMpQua6y7DrNRw/s1280/IMG_20230227_144853_010.jpg]
[blogger.googleusercontent.com/img/b/R29vZ2xl/AVvXsEgMYEjH2-35KFXzNmGm77Jn528ZZyMpQua6y7DrNRw/w438-h640/IMG_20230227_144853_010.jpg]
[blogger.googleusercontent.com/img/b/R29vZ2xl/AVvXsEgGHSNCBNvbCbMJoc5ZtkFy4_7bNguagaE5Rqwdocc/s1280/IMG_20230227_144854_593.jpg]
[blogger.googleusercontent.com/img/b/R29vZ2xl/AVvXsEgGHSNCBNvbCbMJoc5ZtkFy4_7bNguagaE5Rqwdocc/w444-h640/IMG_20230227_144854_593.jpg]
[benglalyrics.blogspot.com/2023/02/japanese-pron-web-series.html]
[benglalyrics.blogspot.com/2023/02/korean-cute-big-boobs-girl-hot-videos.html]
[blogger.googleusercontent.com/img/b/R29vZ2xl/AVvXsEi-tKL3z8tNtplLz_g3CeWqVZo-bP_gOd4CuGA3LU0/w640-h382/Untitled design (3) (8).png]
[benglalyrics.blogspot.com/2023/02/mexician-cute-big-boobs-girl-hot-videos.html]
[blogger.googleusercontent.com/img/b/R29vZ2xl/AVvXsEgjaLiN3MQlMx97jNx0mPOh1VPOPn36HWco0e_OjG2/w640-h382/Untitled design (3) (7).png]
[benglalyrics.blogspot.com/2023/02/korean-tiktoker-girl-hot-video.html]
[blogger.googleusercontent.com/img/b/R29vZ2xl/AVvXsEgwfORG7OfDtBaSCIsISHGngWMtKJg6A-uiyUwE43i/w640-h382/Untitled design (3) (26).png]
[benglalyrics.blogspot.com/2023/02/korean-girl-hot-video_26.html]
[blogger.googleusercontent.com/img/b/R29vZ2xl/AVvXsEj9c6JIyNhZgXBs_Z8Je_Qc1EpLmTwuv7ulWTeZgOE/w640-h382/Untitled design (3) (16).png]
[benglalyrics.blogspot.com/2023/02/china-girl-hot-video.html]
[blogger.googleusercontent.com/img/b/R29vZ2xl/AVvXsEheOjTryJPQrnIqKT_k0Gjz2E_hfM_w9QYkVOc1LT2/w640-h382/Untitled design (3) (15).png]
[benglalyrics.blogspot.com/2023/02/viatnami-girl-hot-video.html]
[blogger.googleusercontent.com/img/b/R29vZ2xl/AVvXsEi9zKZoaykr0FOnLBNCk6OdGN9T9wuGSToHeyw_aAG/w640-h382/Untitled design (3) (14).png]
[benglalyrics.blogspot.com/2023/02/korean-good-girl-sexy-video.html]
[blogger.googleusercontent.com/img/b/R29vZ2xl/AVvXsEj2Q1YVErhfebSb-vflmtxhD_ZRHLDQUtlPU5Lfobm/w640-h382/Untitled design (3) (11).png]
[benglalyrics.blogspot.com/2023/02/korean-doctor-girl-sexy-video.html]
[blogger.googleusercontent.com/img/b/R29vZ2xl/AVvXsEiDulZ7KOAeEmvPXAtMNTJTyCLEGwRNz_groGE9MTD/w640-h382/Untitled design (3) (9).png]
[benglalyrics.blogspot.com/2023/02/korean-hot-girl-sexy-video.html]
[blogger.googleusercontent.com/img/b/R29vZ2xl/AVvXsEgRNoIuOvW6GKSjXjhF46CWXh72l7FnXTnBPXFkEiP/w640-h382/Untitled design (3) (8).png]
[benglalyrics.blogspot.com/2023/02/korean-sexy-girl-hot-video.html]
[blogger.googleusercontent.com/img/b/R29vZ2xl/AVvXsEhhiXze932t7FcytssErBdFL0qiz47DvrNG50iFGwv/w640-h382/Untitled design.png]
[benglalyrics.blogspot.com/search/label/Korean hot girl6ffb.html]
[benglalyrics.blogspot.com/search/label/Korean hot girl85dd.html]
[benglalyrics.blogspot.com/search/label/Cute girl8e18.html]
[benglalyrics.blogspot.com/feeds/6065864637838474522/comments/default]
[blogger.googleusercontent.com/img/b/R29vZ2xl/AVvXsEjzmQHQcUTvgQap4hMEBriAYVJseSIftySjpX0Qav7/s1200/Untitled design (2).png]
[blogger.googleusercontent.com/img/b/R29vZ2xl/AVvXsEjDf9Fbl4KQp2_3hkn1hs0mNvaYGdjtzJUIP5bTyXm/s1005/Screenshot_20230228-125854_1.jpg]
[blogger.googleusercontent.com/img/b/R29vZ2xl/AVvXsEjDf9Fbl4KQp2_3hkn1hs0mNvaYGdjtzJUIP5bTyXm/w430-h640/Screenshot_20230228-125854_1.jpg]
[blogger.googleusercontent.com/img/b/R29vZ2xl/AVvXsEjWbbV3dZiACjh6Gxlvo4zuoH5jnhspqwNrSI0JpCL/s769/Screenshot_20230228-125917_1.jpg]
[blogger.googleusercontent.com/img/b/R29vZ2xl/AVvXsEjWbbV3dZiACjh6Gxlvo4zuoH5jnhspqwNrSI0JpCL/w562-h640/Screenshot_20230228-125917_1.jpg]
[benglalyrics.blogspot.com/2023/02/zhang-yun-xi-sex-videos.html]
[benglalyrics.blogspot.com/feeds/227772957804113354/comments/default]
[blogger.googleusercontent.com/img/b/R29vZ2xl/AVvXsEjVd-nh4UmWIXCbxKuR0QLPtJXlIexonPhYTiJoV6a/s1200/Untitled design (2).png]
[blogger.googleusercontent.com/img/b/R29vZ2xl/AVvXsEhGrleiThz7ZWBULLkxW9Kt7-7PwNjCejB638kzPIk/s675/Screenshot_20230228-113231_1.jpg]
[blogger.googleusercontent.com/img/b/R29vZ2xl/AVvXsEhGrleiThz7ZWBULLkxW9Kt7-7PwNjCejB638kzPIk/w640-h394/Screenshot_20230228-113231_1.jpg]
[blogger.googleusercontent.com/img/b/R29vZ2xl/AVvXsEjxo4ERYDrCDuJYT-hKHJlcinfrd3c6gfwPSIPe03T/s675/Screenshot_20230228-113206_1.jpg]
[blogger.googleusercontent.com/img/b/R29vZ2xl/AVvXsEjxo4ERYDrCDuJYT-hKHJlcinfrd3c6gfwPSIPe03T/w640-h430/Screenshot_20230228-113206_1.jpg]
[blogger.googleusercontent.com/img/b/R29vZ2xl/AVvXsEgaPpX4iudRqvDtw_2CzMFctdhnWwOWJ2rgqtWqQ2k/s675/Screenshot_20230228-113220_1.jpg]
[blogger.googleusercontent.com/img/b/R29vZ2xl/AVvXsEgaPpX4iudRqvDtw_2CzMFctdhnWwOWJ2rgqtWqQ2k/w640-h394/Screenshot_20230228-113220_1.jpg]
[benglalyrics.blogspot.com/2023/02/yumi-kazama-free-photos.html]
[benglalyrics.blogspot.com/feeds/4244962881386764024/comments/default]
[blogger.googleusercontent.com/img/b/R29vZ2xl/AVvXsEgUGEKWTNmID7xuDJGQX7GWhIOa1-RLy4RaeuppenV/s1200/Untitled design (3) (5).png]
[blogger.googleusercontent.com/img/b/R29vZ2xl/AVvXsEiSBxL9kTVyvc39dUpRolrDBzfbgHHgmDPjlsprUeT/s1280/IMG_20230228_112430_927.jpg]
[blogger.googleusercontent.com/img/b/R29vZ2xl/AVvXsEiSBxL9kTVyvc39dUpRolrDBzfbgHHgmDPjlsprUeT/w480-h640/IMG_20230228_112430_927.jpg]
[blogger.googleusercontent.com/img/b/R29vZ2xl/AVvXsEh-O1AZRQ_eUMwYR6s3DV1lQNxdjbzR_GveHozLgQ_/s1280/IMG_20230228_112438_122.jpg]
[blogger.googleusercontent.com/img/b/R29vZ2xl/AVvXsEh-O1AZRQ_eUMwYR6s3DV1lQNxdjbzR_GveHozLgQ_/w480-h640/IMG_20230228_112438_122.jpg]
[blogger.googleusercontent.com/img/b/R29vZ2xl/AVvXsEjBn69u8s9cfWMwUPw922eIRsfQzaTP17WGDQYB-xI/s1280/IMG_20230228_112434_925.jpg]
[blogger.googleusercontent.com/img/b/R29vZ2xl/AVvXsEjBn69u8s9cfWMwUPw922eIRsfQzaTP17WGDQYB-xI/w480-h640/IMG_20230228_112434_925.jpg]
[benglalyrics.blogspot.com/2023/02/yumi-kazama-pron-videos.html]
[benglalyrics.blogspot.com/feeds/2249073636750525934/comments/default]
[blogger.googleusercontent.com/img/b/R29vZ2xl/AVvXsEhTx-OdkQ3lB1pTwpT-rPToTui-tJ64_vq_D1FS-zD/s1200/Untitled design (3) (7).png]
[blogger.googleusercontent.com/img/b/R29vZ2xl/AVvXsEh2Jqgzs2q_R9mPU2Nsf0DPt7JohZTJ-QJHuCpbNJU/s1080/IMG_20230228_112302_621.jpg]
[blogger.googleusercontent.com/img/b/R29vZ2xl/AVvXsEh2Jqgzs2q_R9mPU2Nsf0DPt7JohZTJ-QJHuCpbNJU/w640-h482/IMG_20230228_112302_621.jpg]
[blogger.googleusercontent.com/img/b/R29vZ2xl/AVvXsEjTRy-8C8mzfyeA96_7bmKIGb5fuJGthC25uO7OXt7/s1080/IMG_20230228_112304_768.jpg]
[blogger.googleusercontent.com/img/b/R29vZ2xl/AVvXsEjTRy-8C8mzfyeA96_7bmKIGb5fuJGthC25uO7OXt7/w640-h482/IMG_20230228_112304_768.jpg]
[blogger.googleusercontent.com/img/b/R29vZ2xl/AVvXsEhQP2-9wVBc2dQ6Ii68mp-9HYSVC0I-9t5AhSCN2bx/s1080/IMG_20230228_112309_228.jpg]
[blogger.googleusercontent.com/img/b/R29vZ2xl/AVvXsEhQP2-9wVBc2dQ6Ii68mp-9HYSVC0I-9t5AhSCN2bx/w640-h640/IMG_20230228_112309_228.jpg]
[benglalyrics.blogspot.com/2023/02/yumi-kazama-hot-girl-videos_27.html]
[benglalyrics.blogspot.com/2023/02/yumi-kazama-hot-videos.html]
[blogger.googleusercontent.com/img/b/R29vZ2xl/AVvXsEjI1tZFbTo0FbBcsDLCA_CQBFTTmEZkJa92h-3HEXA/w640-h382/Untitled design.png]
[benglalyrics.blogspot.com/2023/02/indian-mistress-hot-girl-videos.html]
[blogger.googleusercontent.com/img/b/R29vZ2xl/AVvXsEiIEd5NIf2NwuWKLKo_0eMn8tKt7-tnwldw-bdvMtk/w640-h382/Untitled design (3) (9).png]
[benglalyrics.blogspot.com/2023/02/bella-mur-free-pron-full-videos.html]
[blogger.googleusercontent.com/img/b/R29vZ2xl/AVvXsEjgxqo0VlxDjQmr7nfL_zz34UNZKMRwT21AXXcDtWM/w640-h382/Untitled design (3) (3).png]
[benglalyrics.blogspot.com/2023/02/polands-prime-big-boobs-actress-sex.html]
[blogger.googleusercontent.com/img/b/R29vZ2xl/AVvXsEiy7FFRGPjslC35QU4HxuZkrfnZ1itsTLu-NDEty61/w640-h382/Untitled design (3) (19).png]
[benglalyrics.blogspot.com/2023/02/amarican-actress-pron-videos.html]
[blogger.googleusercontent.com/img/b/R29vZ2xl/AVvXsEgywWKz1gDf33rKqkZImOdabbItBKV0BVs9EXFvPgj/w640-h382/Untitled design (3) (24).png]
[benglalyrics.blogspot.com/2023/02/amarican-big-boobs-tiktoker-girl-hot.html]
[blogger.googleusercontent.com/img/b/R29vZ2xl/AVvXsEh2ddw4OmNmPexfjjTl7-8uK4ksXhYXpmoR8aqx4PG/w640-h382/Untitled design (3) (15).png]
[benglalyrics.blogspot.com/2023/02/texes-girl-hot-video.html]
[blogger.googleusercontent.com/img/b/R29vZ2xl/AVvXsEh1nBL3pP2qjUuuu0iDNguPj6j8BCXxLQoK64D_AfK/w640-h382/Untitled design (3) (27).png]
[benglalyrics.blogspot.com/2023/02/korean-cute-girl-hot-video.html]
[blogger.googleusercontent.com/img/b/R29vZ2xl/AVvXsEh2Uf-P-oitf248RAbXzlsspY5TTmM9E0TQsLJJSYl/w640-h382/Untitled design (3) (5).png]
[benglalyrics.blogspot.com/search/label/Cute girlfbbe.html]
[benglalyrics.blogspot.com/search/label/Cute girlda4d.html]
[benglalyrics.blogspot.com/search/label/Amarican8e18.html]
[benglalyrics.blogspot.com/2023/02/yumi-kazama-hot-videos_27.html]
[blogger.googleusercontent.com/img/b/R29vZ2xl/AVvXsEhUahseZ_HAS1WB_k1N7rG73sCMd6wfWuJy0biek1t/w640-h382/Untitled design (3) (6).png]
[benglalyrics.blogspot.com/2023/02/yumi-kazama-hot-girl-videos.html]
[blogger.googleusercontent.com/img/b/R29vZ2xl/AVvXsEi_OPQsUdZ009lWM8YrfY2mQtFRmdc0EiRbzYHIoSV/w640-h382/Untitled design (3) (8).png]
[benglalyrics.blogspot.com/2023/02/diana-hot-girl-videos.html]
[blogger.googleusercontent.com/img/b/R29vZ2xl/AVvXsEgbBEVm4EAxDgJga6No1gpfVttL0cKdGClEIFMfd60/w640-h382/Untitled design (3) (6).png]
[benglalyrics.blogspot.com/search/label/Amaricane252.html]
[benglalyrics.blogspot.com/search/label/Amaricancc4e.html]
[benglalyrics.blogspot.com/search/label/Amarican hot girl8e18.html]
[benglalyrics.blogspot.com/search/label/Amarican hot girle252.html]
[benglalyrics.blogspot.com/search/label/Amarican hot girlb70c.html]
[blogger.googleusercontent.com/img/b/R29vZ2xl/AVvXsEj7Xcrg-_m8u_GKG7J-ceQBAZV1nQ7Rep--3Q5bFYR/s883/Screenshot_20230228-125821_1.png]
[benglalyrics.blogspot.com/feeds/2666303153835835275/comments/default]
[blogger.googleusercontent.com/img/b/R29vZ2xl/AVvXsEhYz07WTqRfa_M_ECFf3ZoVh_YWstk4cKnBf-TCgkV/s1200/Untitled design (3) (2).png]
[blogger.googleusercontent.com/img/b/R29vZ2xl/AVvXsEgwRbKMehkD3PoJh3AildrdReNB8mcoEFfz-SOUxFG/s1209/Screenshot_20230228-113528_1.jpg]
[blogger.googleusercontent.com/img/b/R29vZ2xl/AVvXsEgwRbKMehkD3PoJh3AildrdReNB8mcoEFfz-SOUxFG/w358-h640/Screenshot_20230228-113528_1.jpg]
[blogger.googleusercontent.com/img/b/R29vZ2xl/AVvXsEjhCP8zzLcULdFoc2sv3iOG4_U-fq-HE3HVrsa_nhQ/s675/Screenshot_20230228-113515_1.jpg]
[blogger.googleusercontent.com/img/b/R29vZ2xl/AVvXsEjhCP8zzLcULdFoc2sv3iOG4_U-fq-HE3HVrsa_nhQ/w640-h476/Screenshot_20230228-113515_1.jpg]
[blogger.googleusercontent.com/img/b/R29vZ2xl/AVvXsEiy5TpA03PbJaAlH2zY3bGq4RlvyJb0tVXIfY9oiBA/s898/Screenshot_20230228-113533_1.jpg]
[blogger.googleusercontent.com/img/b/R29vZ2xl/AVvXsEiy5TpA03PbJaAlH2zY3bGq4RlvyJb0tVXIfY9oiBA/w482-h640/Screenshot_20230228-113533_1.jpg]
[benglalyrics.blogspot.com/2023/02/yumi-kazama-free-adults-hot-girl-videos.html]
[benglalyrics.blogspot.com/searchf48d.html]
[benglalyrics.blogspot.com/searchc7d8.html]
[benglalyrics.blogspot.com/searchfa79.html]
[benglalyrics.blogspot.com/searchf3ff.html]
[benglalyrics.blogspot.com/search0c5e.html]
[benglalyrics.blogspot.com/feeds/4022395378916325793/comments/default]
[blogger.googleusercontent.com/img/b/R29vZ2xl/AVvXsEi-tKL3z8tNtplLz_g3CeWqVZo-bP_gOd4CuGA3LU0/s1200/Untitled design (3) (8).png]
[blogger.googleusercontent.com/img/b/R29vZ2xl/AVvXsEjlE4MPOmw9QP8FHADWRHSGqTCZkonjEDiArrfZGA8/s1280/IMG_20230227_073011_370.jpg]
[blogger.googleusercontent.com/img/b/R29vZ2xl/AVvXsEjlE4MPOmw9QP8FHADWRHSGqTCZkonjEDiArrfZGA8/w382-h640/IMG_20230227_073011_370.jpg]
[blogger.googleusercontent.com/img/b/R29vZ2xl/AVvXsEguVHZaOQYT4b-cMtbmXrel7s6oBVOoPRoDthKG8Sv/s1280/IMG_20230227_071513_397.jpg]
[blogger.googleusercontent.com/img/b/R29vZ2xl/AVvXsEguVHZaOQYT4b-cMtbmXrel7s6oBVOoPRoDthKG8Sv/w414-h640/IMG_20230227_071513_397.jpg]
[benglalyrics.blogspot.com/2023/02/korean-cute-big-boobs-girl-hot-videos.html]
[benglalyrics.blogspot.com/feeds/5548806473180153360/comments/default]
[blogger.googleusercontent.com/img/b/R29vZ2xl/AVvXsEgjaLiN3MQlMx97jNx0mPOh1VPOPn36HWco0e_OjG2/s1200/Untitled design (3) (7).png]
[blogger.googleusercontent.com/img/b/R29vZ2xl/AVvXsEgo1MT8CMo23tdfz8ACVO3wbWPwfuHwPl6xA4DRGQC/s1280/IMG_20230227_073016_294.jpg]
[blogger.googleusercontent.com/img/b/R29vZ2xl/AVvXsEgo1MT8CMo23tdfz8ACVO3wbWPwfuHwPl6xA4DRGQC/w442-h640/IMG_20230227_073016_294.jpg]
[blogger.googleusercontent.com/img/b/R29vZ2xl/AVvXsEgfuxi0qz-8islc56qdKAiS3UZrgfHf2rNYAm1aJ8y/s1280/IMG_20230227_071526_957.jpg]
[blogger.googleusercontent.com/img/b/R29vZ2xl/AVvXsEgfuxi0qz-8islc56qdKAiS3UZrgfHf2rNYAm1aJ8y/w438-h640/IMG_20230227_071526_957.jpg]
[benglalyrics.blogspot.com/2023/02/mexician-cute-big-boobs-girl-hot-videos.html]
[benglalyrics.blogspot.com/feeds/6246054519890197782/comments/default]
[blogger.googleusercontent.com/img/b/R29vZ2xl/AVvXsEgwfORG7OfDtBaSCIsISHGngWMtKJg6A-uiyUwE43i/s1200/Untitled design (3) (26).png]
[blogger.googleusercontent.com/img/b/R29vZ2xl/AVvXsEgf7zlSCBKAY5pZhuWtiRfjP_ImxD3HNh55KZF4CJE/s1280/IMG_20230226_063747_235.jpg]
[blogger.googleusercontent.com/img/b/R29vZ2xl/AVvXsEgf7zlSCBKAY5pZhuWtiRfjP_ImxD3HNh55KZF4CJE/w464-h640/IMG_20230226_063747_235.jpg]
[blogger.googleusercontent.com/img/b/R29vZ2xl/AVvXsEgSExBFR-R6lQ0kOhvOvgvOrDMyuPhXa96SpEP2k8F/s1280/IMG_20230224_085702_403.jpg]
[blogger.googleusercontent.com/img/b/R29vZ2xl/AVvXsEgSExBFR-R6lQ0kOhvOvgvOrDMyuPhXa96SpEP2k8F/w428-h640/IMG_20230224_085702_403.jpg]
[blogger.googleusercontent.com/img/b/R29vZ2xl/AVvXsEgwXtvtWPmFzj3Z2sktIUBjdIgqK6BvLxxoiGA1Siq/s1280/IMG_20230224_085702_834.jpg]
[blogger.googleusercontent.com/img/b/R29vZ2xl/AVvXsEgwXtvtWPmFzj3Z2sktIUBjdIgqK6BvLxxoiGA1Siq/w428-h640/IMG_20230224_085702_834.jpg]
[benglalyrics.blogspot.com/2023/02/korean-tiktoker-girl-hot-video.html]
[benglalyrics.blogspot.com/feeds/7080136859124739443/comments/default]
[blogger.googleusercontent.com/img/b/R29vZ2xl/AVvXsEj9c6JIyNhZgXBs_Z8Je_Qc1EpLmTwuv7ulWTeZgOE/s1200/Untitled design (3) (16).png]
[blogger.googleusercontent.com/img/b/R29vZ2xl/AVvXsEjf8CF49wMG1gwSvVs0_NBydlZtdhUA159u6z8nQRA/s1280/IMG_20230224_085702_567.jpg]
[blogger.googleusercontent.com/img/b/R29vZ2xl/AVvXsEjf8CF49wMG1gwSvVs0_NBydlZtdhUA159u6z8nQRA/w428-h640/IMG_20230224_085702_567.jpg]
[blogger.googleusercontent.com/img/b/R29vZ2xl/AVvXsEjro_THPG9gt8j8xUpa53SjmGhbSL6TgQ5t0_V8jab/s1280/IMG_20230224_085702_446.jpg]
[blogger.googleusercontent.com/img/b/R29vZ2xl/AVvXsEjro_THPG9gt8j8xUpa53SjmGhbSL6TgQ5t0_V8jab/w428-h640/IMG_20230224_085702_446.jpg]
[benglalyrics.blogspot.com/2023/02/korean-girl-hot-video_26.html]
[benglalyrics.blogspot.com/feeds/1478432100991448786/comments/default]
[blogger.googleusercontent.com/img/b/R29vZ2xl/AVvXsEheOjTryJPQrnIqKT_k0Gjz2E_hfM_w9QYkVOc1LT2/s1200/Untitled design (3) (15).png]
[blogger.googleusercontent.com/img/b/R29vZ2xl/AVvXsEiAhF5PTal7F_sPvprjNAabuvPdbrr6H84fIB3YPrQ/s1147/IMG_20230224_101725_471.jpg]
[blogger.googleusercontent.com/img/b/R29vZ2xl/AVvXsEiAhF5PTal7F_sPvprjNAabuvPdbrr6H84fIB3YPrQ/w432-h640/IMG_20230224_101725_471.jpg]
[blogger.googleusercontent.com/img/b/R29vZ2xl/AVvXsEjGggZvMQgngZ6dWgpXCk4hFotx6150BgJDI3QeVzo/s1173/IMG_20230224_101725_752.jpg]
[blogger.googleusercontent.com/img/b/R29vZ2xl/AVvXsEjGggZvMQgngZ6dWgpXCk4hFotx6150BgJDI3QeVzo/w466-h640/IMG_20230224_101725_752.jpg]
[benglalyrics.blogspot.com/2023/02/china-girl-hot-video.html]
[benglalyrics.blogspot.com/feeds/2631724854292970258/comments/default]
[blogger.googleusercontent.com/img/b/R29vZ2xl/AVvXsEi9zKZoaykr0FOnLBNCk6OdGN9T9wuGSToHeyw_aAG/s1200/Untitled design (3) (14).png]
[blogger.googleusercontent.com/img/b/R29vZ2xl/AVvXsEg_6Fs7LAlvMIhJIwmLYGaXmc1DYi2MdDshzeIhvXS/s1219/IMG_20230224_085732_443.jpg]
[blogger.googleusercontent.com/img/b/R29vZ2xl/AVvXsEg_6Fs7LAlvMIhJIwmLYGaXmc1DYi2MdDshzeIhvXS/w398-h640/IMG_20230224_085732_443.jpg]
[blogger.googleusercontent.com/img/b/R29vZ2xl/AVvXsEhabgiazFohycVroMFcPI_jyae3CF9ZhsMnrAm5rL1/s1192/IMG_20230224_085732_137.jpg]
[blogger.googleusercontent.com/img/b/R29vZ2xl/AVvXsEhabgiazFohycVroMFcPI_jyae3CF9ZhsMnrAm5rL1/w458-h640/IMG_20230224_085732_137.jpg]
[benglalyrics.blogspot.com/2023/02/viatnami-girl-hot-video.html]
[benglalyrics.blogspot.com/feeds/6923955334285289980/comments/default]
[blogger.googleusercontent.com/img/b/R29vZ2xl/AVvXsEj2Q1YVErhfebSb-vflmtxhD_ZRHLDQUtlPU5Lfobm/s1200/Untitled design (3) (11).png]
[blogger.googleusercontent.com/img/b/R29vZ2xl/AVvXsEglxOgp1gBF84rOwxpvAXoCWFDT5uYCb4Y67Mnd1jn/s604/IMG_20230226_134740_332.jpg]
[blogger.googleusercontent.com/img/b/R29vZ2xl/AVvXsEglxOgp1gBF84rOwxpvAXoCWFDT5uYCb4Y67Mnd1jn/w512-h640/IMG_20230226_134740_332.jpg]
[blogger.googleusercontent.com/img/b/R29vZ2xl/AVvXsEhDOaa0L1HiQTMk2YEeryIwAWqEtr7E2jyhE4cktdA/s759/IMG_20230224_101810_263.jpg]
[blogger.googleusercontent.com/img/b/R29vZ2xl/AVvXsEhDOaa0L1HiQTMk2YEeryIwAWqEtr7E2jyhE4cktdA/w366-h640/IMG_20230224_101810_263.jpg]
[benglalyrics.blogspot.com/2023/02/korean-good-girl-sexy-video.html]
[benglalyrics.blogspot.com/feeds/7601384362203767711/comments/default]
[blogger.googleusercontent.com/img/b/R29vZ2xl/AVvXsEiDulZ7KOAeEmvPXAtMNTJTyCLEGwRNz_groGE9MTD/s1200/Untitled design (3) (9).png]
[blogger.googleusercontent.com/img/b/R29vZ2xl/AVvXsEhK9xr7LlMmZmaYoUffZ7cTVdT2gwjSTOGFSOERZaz/s1280/IMG_20230226_063802_234.jpg]
[blogger.googleusercontent.com/img/b/R29vZ2xl/AVvXsEhK9xr7LlMmZmaYoUffZ7cTVdT2gwjSTOGFSOERZaz/w452-h640/IMG_20230226_063802_234.jpg]
[blogger.googleusercontent.com/img/b/R29vZ2xl/AVvXsEj9YkLUlRVHmOpAUeVxva_3fIno-9FqLGxb8-wxQko/s1280/IMG_20230227_072332_625.jpg]
[blogger.googleusercontent.com/img/b/R29vZ2xl/AVvXsEj9YkLUlRVHmOpAUeVxva_3fIno-9FqLGxb8-wxQko/w404-h640/IMG_20230227_072332_625.jpg]
[benglalyrics.blogspot.com/2023/02/korean-doctor-girl-sexy-video.html]
[benglalyrics.blogspot.com/feeds/3370581023991672288/comments/default]
[blogger.googleusercontent.com/img/b/R29vZ2xl/AVvXsEgRNoIuOvW6GKSjXjhF46CWXh72l7FnXTnBPXFkEiP/s1200/Untitled design (3) (8).png]
[blogger.googleusercontent.com/img/b/R29vZ2xl/AVvXsEg18ioz1eY5gES6WEDkPXQo1v5kR9iyrIoZXe6SMgW/s1280/IMG_20230223_235029_534.jpg]
[blogger.googleusercontent.com/img/b/R29vZ2xl/AVvXsEg18ioz1eY5gES6WEDkPXQo1v5kR9iyrIoZXe6SMgW/w458-h640/IMG_20230223_235029_534.jpg]
[blogger.googleusercontent.com/img/b/R29vZ2xl/AVvXsEhP6_KLa3T9xi-zoT9mKDkQ-1M11e_G33amppqKksI/s1080/IMG_20230223_235029_257.jpg]
[blogger.googleusercontent.com/img/b/R29vZ2xl/AVvXsEhP6_KLa3T9xi-zoT9mKDkQ-1M11e_G33amppqKksI/w640-h426/IMG_20230223_235029_257.jpg]
[benglalyrics.blogspot.com/2023/02/korean-hot-girl-sexy-video.html]
[benglalyrics.blogspot.com/feeds/6839832890417218113/comments/default]
[blogger.googleusercontent.com/img/b/R29vZ2xl/AVvXsEhhiXze932t7FcytssErBdFL0qiz47DvrNG50iFGwv/s1200/Untitled design.png]
[blogger.googleusercontent.com/img/b/R29vZ2xl/AVvXsEgYtYp37kzNrNyFD93OMgPwPZSXdOMyB2x1gpH7pOX/s1024/IMG_20230224_101852_474.jpg]
[blogger.googleusercontent.com/img/b/R29vZ2xl/AVvXsEgYtYp37kzNrNyFD93OMgPwPZSXdOMyB2x1gpH7pOX/w640-h426/IMG_20230224_101852_474.jpg]
[blogger.googleusercontent.com/img/b/R29vZ2xl/AVvXsEhnxn2c_2WhtzsbNC8w5yNi36OPRh06cERemBdG_iR/s1280/IMG_20230224_101840_339.jpg]
[blogger.googleusercontent.com/img/b/R29vZ2xl/AVvXsEhnxn2c_2WhtzsbNC8w5yNi36OPRh06cERemBdG_iR/w444-h640/IMG_20230224_101840_339.jpg]
[benglalyrics.blogspot.com/2023/02/korean-sexy-girl-hot-video.html]
[benglalyrics.blogspot.com/2023/02/watch-now_25.html]
[blogger.googleusercontent.com/img/b/R29vZ2xl/AVvXsEgXDyl3mxDkcQaHdI92tybTNMx22OmIt_58Yp_Loty/w640-h382/Untitled design (1).png]
[benglalyrics.blogspot.com/2023/02/cute-girl-hot-video.html]
[blogger.googleusercontent.com/img/b/R29vZ2xl/AVvXsEhWtCOtiX8HH-qR1IBl3d6SEEJTOgwpZz8VjS1gvl4/w640-h382/Untitled design (3) (2).png]
[benglalyrics.blogspot.com/search/label/Korean hot girl85dd.html]
[pinterest.com/pin/create/button/index0604.html]
[pinterest.com/pin/create/button/indexdb88.html]
[pinterest.com/pin/create/button/index89be.html]
[pinterest.com/pin/create/button/index57eb.html]
[benglalyrics.blogspot.com/feeds/5268763445562117730/comments/default]
[blogger.googleusercontent.com/img/b/R29vZ2xl/AVvXsEjI1tZFbTo0FbBcsDLCA_CQBFTTmEZkJa92h-3HEXA/s1200/Untitled design.png]
[blogger.googleusercontent.com/img/b/R29vZ2xl/AVvXsEgM4MtUK8b0O5zJ1v4IlMU9a2jfswRNwhdyBFptqvP/s909/Screenshot_20230228-113519_1.jpg]
[blogger.googleusercontent.com/img/b/R29vZ2xl/AVvXsEgM4MtUK8b0O5zJ1v4IlMU9a2jfswRNwhdyBFptqvP/w476-h640/Screenshot_20230228-113519_1.jpg]
[blogger.googleusercontent.com/img/b/R29vZ2xl/AVvXsEglvAT7gf43kHbkfWBJfN5NS06ILPPWbS_X8u-VLs3/s885/Screenshot_20230228-113511_1.jpg]
[blogger.googleusercontent.com/img/b/R29vZ2xl/AVvXsEglvAT7gf43kHbkfWBJfN5NS06ILPPWbS_X8u-VLs3/w488-h640/Screenshot_20230228-113511_1.jpg]
[blogger.googleusercontent.com/img/b/R29vZ2xl/AVvXsEh4y3cLY6zFo_-pOJm8jKJTRItnkv6bA1LgI500bpl/s887/Screenshot_20230228-113524_1.jpg]
[blogger.googleusercontent.com/img/b/R29vZ2xl/AVvXsEh4y3cLY6zFo_-pOJm8jKJTRItnkv6bA1LgI500bpl/w488-h640/Screenshot_20230228-113524_1.jpg]
[benglalyrics.blogspot.com/2023/02/yumi-kazama-hot-videos.html]
[benglalyrics.blogspot.com/feeds/2966169464214961008/comments/default]
[blogger.googleusercontent.com/img/b/R29vZ2xl/AVvXsEiIEd5NIf2NwuWKLKo_0eMn8tKt7-tnwldw-bdvMtk/s1200/Untitled design (3) (9).png]
[blogger.googleusercontent.com/img/b/R29vZ2xl/AVvXsEgGMHAQa-d--T1oidqe7sHyH4HYFTOLLEWpYe2nDgl/s1124/IMG_20230224_083109_977.jpg]
[blogger.googleusercontent.com/img/b/R29vZ2xl/AVvXsEgGMHAQa-d--T1oidqe7sHyH4HYFTOLLEWpYe2nDgl/w558-h640/IMG_20230224_083109_977.jpg]
[blogger.googleusercontent.com/img/b/R29vZ2xl/AVvXsEjU8pfmZ2IZ0ktP00FnDUKvrYdNQbbdCktopeUaSyy/s946/IMG_20230224_083116_575.jpg]
[blogger.googleusercontent.com/img/b/R29vZ2xl/AVvXsEjU8pfmZ2IZ0ktP00FnDUKvrYdNQbbdCktopeUaSyy/w620-h640/IMG_20230224_083116_575.jpg]
[benglalyrics.blogspot.com/2023/02/indian-mistress-hot-girl-videos.html]
[benglalyrics.blogspot.com/feeds/8176783715982193458/comments/default]
[blogger.googleusercontent.com/img/b/R29vZ2xl/AVvXsEjgxqo0VlxDjQmr7nfL_zz34UNZKMRwT21AXXcDtWM/s1200/Untitled design (3) (3).png]
[blogger.googleusercontent.com/img/b/R29vZ2xl/AVvXsEicugJdP7tjLdrHh6dycIS2haT27UF1ARxK0LqgvhG/s675/Screenshot_20230227-203329_1.jpg]
[blogger.googleusercontent.com/img/b/R29vZ2xl/AVvXsEicugJdP7tjLdrHh6dycIS2haT27UF1ARxK0LqgvhG/w640-h374/Screenshot_20230227-203329_1.jpg]
[blogger.googleusercontent.com/img/b/R29vZ2xl/AVvXsEjX6WFvdjq2L-qgoP_QCbMbcFPGuCvv4YO8J_lVRWk/s673/Screenshot_20230227-203326_1.jpg]
[blogger.googleusercontent.com/img/b/R29vZ2xl/AVvXsEjX6WFvdjq2L-qgoP_QCbMbcFPGuCvv4YO8J_lVRWk/w640-h356/Screenshot_20230227-203326_1.jpg]
[blogger.googleusercontent.com/img/b/R29vZ2xl/AVvXsEjmSCEP5EGLwC0hpDsWoceK5ztJ3pihSyAPJn-ALrc/s675/Screenshot_20230227-203322_1.jpg]
[blogger.googleusercontent.com/img/b/R29vZ2xl/AVvXsEjmSCEP5EGLwC0hpDsWoceK5ztJ3pihSyAPJn-ALrc/w640-h354/Screenshot_20230227-203322_1.jpg]
[benglalyrics.blogspot.com/2023/02/bella-mur-free-pron-full-videos.html]
[benglalyrics.blogspot.com/feeds/2753244126098877858/comments/default]
[blogger.googleusercontent.com/img/b/R29vZ2xl/AVvXsEiy7FFRGPjslC35QU4HxuZkrfnZ1itsTLu-NDEty61/s1200/Untitled design (3) (19).png]
[blogger.googleusercontent.com/img/b/R29vZ2xl/AVvXsEiUhsITVLJmNcUMuEFnMY_dA04oduDNwJc7iyjd99A/s546/Screenshot_20230227-142358_1.jpg]
[blogger.googleusercontent.com/img/b/R29vZ2xl/AVvXsEiUhsITVLJmNcUMuEFnMY_dA04oduDNwJc7iyjd99A/w640-h430/Screenshot_20230227-142358_1.jpg]
[blogger.googleusercontent.com/img/b/R29vZ2xl/AVvXsEhHDGmUuEdIpqDuv83V7UUKLZyXCy0cj4_smW3w2qz/s550/Screenshot_20230227-142405_1.jpg]
[blogger.googleusercontent.com/img/b/R29vZ2xl/AVvXsEhHDGmUuEdIpqDuv83V7UUKLZyXCy0cj4_smW3w2qz/w640-h454/Screenshot_20230227-142405_1.jpg]
[blogger.googleusercontent.com/img/b/R29vZ2xl/AVvXsEiccm5KGUUqAjBlu9JxC4YlHFniAldjbqc33rSLkMe/s639/Screenshot_20230227-142421_2.jpg]
[blogger.googleusercontent.com/img/b/R29vZ2xl/AVvXsEiccm5KGUUqAjBlu9JxC4YlHFniAldjbqc33rSLkMe/w640-h348/Screenshot_20230227-142421_2.jpg]
[benglalyrics.blogspot.com/2023/02/polands-prime-big-boobs-actress-sex.html]
[benglalyrics.blogspot.com/feeds/120727782319408564/comments/default]
[blogger.googleusercontent.com/img/b/R29vZ2xl/AVvXsEgywWKz1gDf33rKqkZImOdabbItBKV0BVs9EXFvPgj/s1200/Untitled design (3) (24).png]
[blogger.googleusercontent.com/img/b/R29vZ2xl/AVvXsEhbZBzEge4bf462ceW2jHtscCkiJpXQAdBEjQZoptJ/s600/IMG_20230227_144258_573.jpg]
[blogger.googleusercontent.com/img/b/R29vZ2xl/AVvXsEhbZBzEge4bf462ceW2jHtscCkiJpXQAdBEjQZoptJ/w640-h360/IMG_20230227_144258_573.jpg]
[blogger.googleusercontent.com/img/b/R29vZ2xl/AVvXsEhFedb82KwI9uuCKavsfrjnrxGSj_0xPzJwRXcGNz5/s1280/IMG_20230227_144204_667.jpg]
[blogger.googleusercontent.com/img/b/R29vZ2xl/AVvXsEhFedb82KwI9uuCKavsfrjnrxGSj_0xPzJwRXcGNz5/w640-h418/IMG_20230227_144204_667.jpg]
[benglalyrics.blogspot.com/2023/02/amarican-actress-pron-videos.html]
[benglalyrics.blogspot.com/feeds/5544744705894146358/comments/default]
[blogger.googleusercontent.com/img/b/R29vZ2xl/AVvXsEh2ddw4OmNmPexfjjTl7-8uK4ksXhYXpmoR8aqx4PG/s1200/Untitled design (3) (15).png]
[blogger.googleusercontent.com/img/b/R29vZ2xl/AVvXsEg4j8UMQY6WVuKCGPIxnAaNWGdRwPYcYDGC3YraymG/s600/Screenshot_20230227-140150_1.jpg]
[blogger.googleusercontent.com/img/b/R29vZ2xl/AVvXsEg4j8UMQY6WVuKCGPIxnAaNWGdRwPYcYDGC3YraymG/w640-h396/Screenshot_20230227-140150_1.jpg]
[blogger.googleusercontent.com/img/b/R29vZ2xl/AVvXsEiWsY0M9M0JP47NjPUgmqkARlDzm_35Wl3voto25R_/s583/Screenshot_20230227-140201_2.jpg]
[blogger.googleusercontent.com/img/b/R29vZ2xl/AVvXsEiWsY0M9M0JP47NjPUgmqkARlDzm_35Wl3voto25R_/w640-h418/Screenshot_20230227-140201_2.jpg]
[benglalyrics.blogspot.com/2023/02/amarican-big-boobs-tiktoker-girl-hot.html]
[benglalyrics.blogspot.com/feeds/7813107990367428960/comments/default]
[blogger.googleusercontent.com/img/b/R29vZ2xl/AVvXsEh1nBL3pP2qjUuuu0iDNguPj6j8BCXxLQoK64D_AfK/s1200/Untitled design (3) (27).png]
[blogger.googleusercontent.com/img/b/R29vZ2xl/AVvXsEjmqtKFDjZeG694h-QM1dBXx_r60tAWbusvRWM0uYA/s1110/IMG_20230224_083127_127.jpg]
[blogger.googleusercontent.com/img/b/R29vZ2xl/AVvXsEjmqtKFDjZeG694h-QM1dBXx_r60tAWbusvRWM0uYA/w558-h640/IMG_20230224_083127_127.jpg]
[blogger.googleusercontent.com/img/b/R29vZ2xl/AVvXsEjyNjK-Oqps63QFwyvKCdSzAz_azqzCmxWfw_87H9R/s1280/IMG_20230226_134806_506.jpg]
[blogger.googleusercontent.com/img/b/R29vZ2xl/AVvXsEjyNjK-Oqps63QFwyvKCdSzAz_azqzCmxWfw_87H9R/w640-h428/IMG_20230226_134806_506.jpg]
[benglalyrics.blogspot.com/2023/02/texes-girl-hot-video.html]
[benglalyrics.blogspot.com/feeds/5201898252147504889/comments/default]
[blogger.googleusercontent.com/img/b/R29vZ2xl/AVvXsEh2Uf-P-oitf248RAbXzlsspY5TTmM9E0TQsLJJSYl/s1200/Untitled design (3) (5).png]
[blogger.googleusercontent.com/img/b/R29vZ2xl/AVvXsEhv10TpN5PBgrjKpfEG6Ps8Lu-jWc93f-ZNmKXSNIS/s1280/IMG_20230224_101842_975.jpg]
[blogger.googleusercontent.com/img/b/R29vZ2xl/AVvXsEhv10TpN5PBgrjKpfEG6Ps8Lu-jWc93f-ZNmKXSNIS/w384-h640/IMG_20230224_101842_975.jpg]
[blogger.googleusercontent.com/img/b/R29vZ2xl/AVvXsEi74UAxMwvvT7KVO9h8yA0xKhoAwdX2c7rEmsaZofS/s1280/IMG_20230224_101847_200.jpg]
[blogger.googleusercontent.com/img/b/R29vZ2xl/AVvXsEi74UAxMwvvT7KVO9h8yA0xKhoAwdX2c7rEmsaZofS/w426-h640/IMG_20230224_101847_200.jpg]
[benglalyrics.blogspot.com/2023/02/korean-cute-girl-hot-video.html]
[benglalyrics.blogspot.com/search/label/Cute girlda4d.html]
[pinterest.com/pin/create/button/indexd7e6.html]
[benglalyrics.blogspot.com/search/label/Amarican8e18.html]
[benglalyrics.blogspot.com/feeds/4765254645978466086/comments/default]
[blogger.googleusercontent.com/img/b/R29vZ2xl/AVvXsEhUahseZ_HAS1WB_k1N7rG73sCMd6wfWuJy0biek1t/s1200/Untitled design (3) (6).png]
[blogger.googleusercontent.com/img/b/R29vZ2xl/AVvXsEjqiZpGl0schY8P443yRa4awXy_4qOJr0ohLmrXBg5/s1079/IMG_20230228_112319_823.jpg]
[blogger.googleusercontent.com/img/b/R29vZ2xl/AVvXsEjqiZpGl0schY8P443yRa4awXy_4qOJr0ohLmrXBg5/w640-h640/IMG_20230228_112319_823.jpg]
[blogger.googleusercontent.com/img/b/R29vZ2xl/AVvXsEi7H0gtuUm7yMGY2kV45nQCKPdaHFoF0MLqVb_8kfH/s676/IMG_20230228_112327_133.jpg]
[blogger.googleusercontent.com/img/b/R29vZ2xl/AVvXsEi7H0gtuUm7yMGY2kV45nQCKPdaHFoF0MLqVb_8kfH/w640-h640/IMG_20230228_112327_133.jpg]
[blogger.googleusercontent.com/img/b/R29vZ2xl/AVvXsEipzaUbWPQNV7wWy5mQGV4gDHRt_bMp-vwWAM1SzRO/s1009/IMG_20230228_112323_267.jpg]
[blogger.googleusercontent.com/img/b/R29vZ2xl/AVvXsEipzaUbWPQNV7wWy5mQGV4gDHRt_bMp-vwWAM1SzRO/w480-h640/IMG_20230228_112323_267.jpg]
[benglalyrics.blogspot.com/2023/02/yumi-kazama-hot-videos_27.html]
[benglalyrics.blogspot.com/feeds/8459444238676097200/comments/default]
[blogger.googleusercontent.com/img/b/R29vZ2xl/AVvXsEi_OPQsUdZ009lWM8YrfY2mQtFRmdc0EiRbzYHIoSV/s1200/Untitled design (3) (8).png]
[blogger.googleusercontent.com/img/b/R29vZ2xl/AVvXsEjR_PhPyOBLdglAxskpjeQvaDYjaSbZgPXesRbb_RE/s1280/IMG_20230228_112242_648.jpg]
[blogger.googleusercontent.com/img/b/R29vZ2xl/AVvXsEjR_PhPyOBLdglAxskpjeQvaDYjaSbZgPXesRbb_RE/w534-h640/IMG_20230228_112242_648.jpg]
[blogger.googleusercontent.com/img/b/R29vZ2xl/AVvXsEgD5XG2QYz4MEWj3h1tg0Pj85OT653K4TyYtVlNVjK/s1280/IMG_20230228_112239_882.jpg]
[blogger.googleusercontent.com/img/b/R29vZ2xl/AVvXsEgD5XG2QYz4MEWj3h1tg0Pj85OT653K4TyYtVlNVjK/w532-h640/IMG_20230228_112239_882.jpg]
[blogger.googleusercontent.com/img/b/R29vZ2xl/AVvXsEhKX2TfyvVy6T3H_Bv-AD_SfTP3bOrnQBNvZO_C6lc/s1080/IMG_20230228_112245_733.jpg]
[blogger.googleusercontent.com/img/b/R29vZ2xl/AVvXsEhKX2TfyvVy6T3H_Bv-AD_SfTP3bOrnQBNvZO_C6lc/w480-h640/IMG_20230228_112245_733.jpg]
[benglalyrics.blogspot.com/2023/02/yumi-kazama-hot-girl-videos.html]
[benglalyrics.blogspot.com/feeds/4711450729000042844/comments/default]
[blogger.googleusercontent.com/img/b/R29vZ2xl/AVvXsEgbBEVm4EAxDgJga6No1gpfVttL0cKdGClEIFMfd60/s1200/Untitled design (3) (6).png]
[blogger.googleusercontent.com/img/b/R29vZ2xl/AVvXsEh4kpneELAyLPE5tV2f4oyly_7GAHCpuWeVlqXPI1X/s1200/IMG_20230228_063235_862.jpg]
[blogger.googleusercontent.com/img/b/R29vZ2xl/AVvXsEh4kpneELAyLPE5tV2f4oyly_7GAHCpuWeVlqXPI1X/w426-h640/IMG_20230228_063235_862.jpg]
[blogger.googleusercontent.com/img/b/R29vZ2xl/AVvXsEhdIURW_ZA5Z67GnMl2eJ5MA6s6YqZi_BRFGh7abMw/s1200/IMG_20230228_063235_923.jpg]
[blogger.googleusercontent.com/img/b/R29vZ2xl/AVvXsEhdIURW_ZA5Z67GnMl2eJ5MA6s6YqZi_BRFGh7abMw/w426-h640/IMG_20230228_063235_923.jpg]
[blogger.googleusercontent.com/img/b/R29vZ2xl/AVvXsEiWRadUVb1HFgHxJtyNOIdv873HSDVkQWBIT3BrrmI/s1200/IMG_20230228_063235_757.jpg]
[blogger.googleusercontent.com/img/b/R29vZ2xl/AVvXsEiWRadUVb1HFgHxJtyNOIdv873HSDVkQWBIT3BrrmI/w426-h640/IMG_20230228_063235_757.jpg]
[benglalyrics.blogspot.com/2023/02/diana-hot-girl-videos.html]
[benglalyrics.blogspot.com/2023/02/korean-mistress-hot-girl-videos.html]
[blogger.googleusercontent.com/img/b/R29vZ2xl/AVvXsEhz1kuzetjnXiaxu27-YCBHzrV9GrGti5zJ0RfzBEN/w640-h382/Untitled design (3) (5).png]
[benglalyrics.blogspot.com/2023/02/new-work-antuy-hot-video.html]
[blogger.googleusercontent.com/img/b/R29vZ2xl/AVvXsEjpYh3Eca2NX_FCdDms_NAYhxbZXZRmPY8OhTyFq0I/w640-h382/Untitled design (3) (29).png]
[benglalyrics.blogspot.com/search/label/Amaricancc4e.html]
[benglalyrics.blogspot.com/search/label/Amarican hot girl8e18.html]
[benglalyrics.blogspot.com/search/label/Amarican74cf.html]
[benglalyrics.blogspot.com/search/label/Amarican hot girlb70c.html]
[benglalyrics.blogspot.com/search/label/Amarican hot girlde28.html]
[benglalyrics.blogspot.com/searchc7d8.html]
[benglalyrics.blogspot.com/search75e6.html]
[benglalyrics.blogspot.com/searchfa79.html]
[benglalyrics.blogspot.com/search0feb.html]
[benglalyrics.blogspot.com/search59e8.html]
[benglalyrics.blogspot.com/search0c5e.html]
[benglalyrics.blogspot.com/searcha8e5.html]
[draft.blogger.com/dyn-css/authorization475a.css]
[benglalyrics.blogspot.com/feeds/6597138491027001646/comments/default]
[blogger.googleusercontent.com/img/b/R29vZ2xl/AVvXsEgXDyl3mxDkcQaHdI92tybTNMx22OmIt_58Yp_Loty/s1200/Untitled design (1).png]
[blogger.googleusercontent.com/img/b/R29vZ2xl/AVvXsEjc25NpS_4sep_WQv3TAbm1F2bNBpViqPaBjC9iP0S/s1080/IMG_20230224_113046_706.jpg]
[blogger.googleusercontent.com/img/b/R29vZ2xl/AVvXsEjc25NpS_4sep_WQv3TAbm1F2bNBpViqPaBjC9iP0S/w640-h482/IMG_20230224_113046_706.jpg]
[blogger.googleusercontent.com/img/b/R29vZ2xl/AVvXsEgNcm-V76xWXZlANMhG4NclmFmwBVP1gM24rLw9tfx/s1080/IMG_20230224_113046_519.jpg]
[blogger.googleusercontent.com/img/b/R29vZ2xl/AVvXsEgNcm-V76xWXZlANMhG4NclmFmwBVP1gM24rLw9tfx/w640-h426/IMG_20230224_113046_519.jpg]
[benglalyrics.blogspot.com/2023/02/watch-now_25.html]
[benglalyrics.blogspot.com/feeds/6428645804559128470/comments/default]
[blogger.googleusercontent.com/img/b/R29vZ2xl/AVvXsEhWtCOtiX8HH-qR1IBl3d6SEEJTOgwpZz8VjS1gvl4/s1200/Untitled design (3) (2).png]
[blogger.googleusercontent.com/img/b/R29vZ2xl/AVvXsEjJs3tuM4f-zy5KXXFsDTUo3QAu_tFwHKRUWwaUKrU/s1111/IMG_20230224_085651_349.jpg]
[blogger.googleusercontent.com/img/b/R29vZ2xl/AVvXsEjJs3tuM4f-zy5KXXFsDTUo3QAu_tFwHKRUWwaUKrU/w390-h640/IMG_20230224_085651_349.jpg]
[blogger.googleusercontent.com/img/b/R29vZ2xl/AVvXsEhtL0h3OrWrwPYblj6KEF3cAeJ4dhE2GQfYvhUFlm3/s1280/IMG_20230224_085651_667.jpg]
[blogger.googleusercontent.com/img/b/R29vZ2xl/AVvXsEhtL0h3OrWrwPYblj6KEF3cAeJ4dhE2GQfYvhUFlm3/w426-h640/IMG_20230224_085651_667.jpg]
[benglalyrics.blogspot.com/2023/02/cute-girl-hot-video.html]
[benglalyrics.blogspot.com/feeds/5320665910992243210/comments/default]
[blogger.googleusercontent.com/img/b/R29vZ2xl/AVvXsEhz1kuzetjnXiaxu27-YCBHzrV9GrGti5zJ0RfzBEN/s1200/Untitled design (3) (5).png]
[blogger.googleusercontent.com/img/b/R29vZ2xl/AVvXsEi-O2LU763AxRBD8Z70zPlu99thNJ9Zr0K2l7S-OE2/s1280/IMG_20230228_063155_263.jpg]
[blogger.googleusercontent.com/img/b/R29vZ2xl/AVvXsEi-O2LU763AxRBD8Z70zPlu99thNJ9Zr0K2l7S-OE2/w426-h640/IMG_20230228_063155_263.jpg]
[blogger.googleusercontent.com/img/b/R29vZ2xl/AVvXsEhpoxbryydDnQN7WTr9zUK3LqoIhzOde505Y85wWk6/s1280/IMG_20230228_063155_581.jpg]
[blogger.googleusercontent.com/img/b/R29vZ2xl/AVvXsEhpoxbryydDnQN7WTr9zUK3LqoIhzOde505Y85wWk6/w426-h640/IMG_20230228_063155_581.jpg]
[blogger.googleusercontent.com/img/b/R29vZ2xl/AVvXsEgM6AaM5jrMBLmOq0rqVFWnIQO-U_dpltwsO4io6mw/s1280/IMG_20230228_063155_132.jpg]
[blogger.googleusercontent.com/img/b/R29vZ2xl/AVvXsEgM6AaM5jrMBLmOq0rqVFWnIQO-U_dpltwsO4io6mw/w426-h640/IMG_20230228_063155_132.jpg]
[benglalyrics.blogspot.com/2023/02/korean-mistress-hot-girl-videos.html]
[benglalyrics.blogspot.com/feeds/7374397829028677462/comments/default]
[blogger.googleusercontent.com/img/b/R29vZ2xl/AVvXsEjpYh3Eca2NX_FCdDms_NAYhxbZXZRmPY8OhTyFq0I/s1200/Untitled design (3) (29).png]
[blogger.googleusercontent.com/img/b/R29vZ2xl/AVvXsEj2e2RANP7qSlH7PiDRCu6F0tWu-ZOiDgFInnqsO_e/s1280/IMG_20230227_090441_960.jpg]
[blogger.googleusercontent.com/img/b/R29vZ2xl/AVvXsEj2e2RANP7qSlH7PiDRCu6F0tWu-ZOiDgFInnqsO_e/w640-h394/IMG_20230227_090441_960.jpg]
[blogger.googleusercontent.com/img/b/R29vZ2xl/AVvXsEiuPPxZjwvLFBSMLoNcqJoaxzunMr2wQXiEvcWXGh-/s1062/IMG_20230226_134643_669.jpg]
[blogger.googleusercontent.com/img/b/R29vZ2xl/AVvXsEiuPPxZjwvLFBSMLoNcqJoaxzunMr2wQXiEvcWXGh-/w480-h640/IMG_20230226_134643_669.jpg]
[benglalyrics.blogspot.com/2023/02/new-work-antuy-hot-video.html]
[benglalyrics.blogspot.com/search/label/Amarican74cf.html]
[benglalyrics.blogspot.com/2023/02/polandi-big-boobs-actress-sex-videos.html]
[blogger.googleusercontent.com/img/b/R29vZ2xl/AVvXsEhRCRf8_vpHW0-dOTWcbJcF0bYqzWOJrp8kJ7DLqsi/w640-h382/Untitled design (3) (20).png]
[benglalyrics.blogspot.com/2023/02/polandi-actress-sex-videos.html]
[blogger.googleusercontent.com/img/b/R29vZ2xl/AVvXsEjpbzUHkADK5iKRFn9GtoSj1ujawk5mp2J6Vlc80Ef/w640-h382/Untitled design (3) (21).png]
[benglalyrics.blogspot.com/2023/02/texes-sexy-antuy-sex-videos.html]
[blogger.googleusercontent.com/img/b/R29vZ2xl/AVvXsEiwqKMQk2qG4AG-8AqJob0RZqIGSLaHi1z9EnuqqsD/w640-h382/Untitled design (3) (27).png]
[benglalyrics.blogspot.com/2023/02/texes-sexy-antuy-hot-video.html]
[blogger.googleusercontent.com/img/b/R29vZ2xl/AVvXsEhRuYt5ALlPq9uhdOF_3yp-Sr2wRqbAhpPqAsA8nzp/w640-h382/Untitled design (3) (32).png]
[benglalyrics.blogspot.com/2023/02/texes-cute-big-boobs-girl-hot-video.html]
[blogger.googleusercontent.com/img/b/R29vZ2xl/AVvXsEhqTkyrJSXXvTukKmGoZZYiNQhizg0oYV7boeumxCe/w640-h382/Untitled design (3) - 2023-02-27T162454.647.png]
[benglalyrics.blogspot.com/2023/02/mexician-girl-hot-video.html]
[blogger.googleusercontent.com/img/b/R29vZ2xl/AVvXsEhV7XS7mDUkl_T92JB2Ox-h2ifh703daCzU0NSil92/w640-h382/Untitled design (3) (4).png]
[benglalyrics.blogspot.com/2023/02/amarican-tiktoker-girl-hot-video_27.html]
[blogger.googleusercontent.com/img/b/R29vZ2xl/AVvXsEijWrUpCweu4TM5w4KgzN2VxXFUMskBEWkwaJuPJ7j/w640-h382/Untitled design (3) (2).png]
[benglalyrics.blogspot.com/search/label/Amarican hot girlde28.html]
[pinterest.com/pin/create/button/index99c1.html]
[pinterest.com/pin/create/button/indexfa75.html]
[pinterest.com/pin/create/button/indexdb41.html]
[pinterest.com/pin/create/button/indexf75e.html]
[pinterest.com/pin/create/button/index14f0.html]
[benglalyrics.blogspot.com/search/label/Amarican hot girlc3db.html]
[benglalyrics.blogspot.com/search75e6.html]
[benglalyrics.blogspot.com/searchb8d4.html]
[benglalyrics.blogspot.com/search0feb.html]
[benglalyrics.blogspot.com/searchadf7.html]
[benglalyrics.blogspot.com/search59e8.html]
[benglalyrics.blogspot.com/search6dd9.html]
[benglalyrics.blogspot.com/searchb994.html]
[benglalyrics.blogspot.com/searcha8e5.html]
[pinterest.com/pin/create/button/index30c8.html]
[pinterest.com/pin/create/button/index2c87.html]
[pinterest.com/pin/create/button/indexe785.html]
[pinterest.com/pin/create/button/indexc75d.html]
[pinterest.com/pin/create/button/index6fb3.html]
[pinterest.com/pin/create/button/index210e.html]
[pinterest.com/pin/create/button/indexb3b0.html]
[pinterest.com/pin/create/button/index87a1.html]
[benglalyrics.blogspot.com/searche214.html]
[pinterest.com/pin/create/button/index17af.html]
[pinterest.com/pin/create/button/index813c.html]
[pinterest.com/pin/create/button/index6e87.html]
[pinterest.com/pin/create/button/indexe788.html]
[benglalyrics.blogspot.com/feeds/5532451488766480834/comments/default]
[blogger.googleusercontent.com/img/b/R29vZ2xl/AVvXsEhRCRf8_vpHW0-dOTWcbJcF0bYqzWOJrp8kJ7DLqsi/s1200/Untitled design (3) (20).png]
[blogger.googleusercontent.com/img/b/R29vZ2xl/AVvXsEhfMAaPOZQ6_gVNeE_B18qnXapU0_MPDSPnmCtTGaZ/s930/Screenshot_20230227-142247_1.jpg]
[blogger.googleusercontent.com/img/b/R29vZ2xl/AVvXsEhfMAaPOZQ6_gVNeE_B18qnXapU0_MPDSPnmCtTGaZ/w464-h640/Screenshot_20230227-142247_1.jpg]
[blogger.googleusercontent.com/img/b/R29vZ2xl/AVvXsEi1KyzkADjhr5oJpaWMGFMFUzZWSkIT7-FRbycchHh/s918/Screenshot_20230227-142252_1.jpg]
[blogger.googleusercontent.com/img/b/R29vZ2xl/AVvXsEi1KyzkADjhr5oJpaWMGFMFUzZWSkIT7-FRbycchHh/w470-h640/Screenshot_20230227-142252_1.jpg]
[benglalyrics.blogspot.com/2023/02/polandi-big-boobs-actress-sex-videos.html]
[benglalyrics.blogspot.com/feeds/2108557358464205109/comments/default]
[blogger.googleusercontent.com/img/b/R29vZ2xl/AVvXsEjpbzUHkADK5iKRFn9GtoSj1ujawk5mp2J6Vlc80Ef/s1200/Untitled design (3) (21).png]
[blogger.googleusercontent.com/img/b/R29vZ2xl/AVvXsEiLjVr7Eufo1igX2WmaVq0l4pIHtXJul-dwLlrFrbD/s1141/Screenshot_20230227-142321_1.jpg]
[blogger.googleusercontent.com/img/b/R29vZ2xl/AVvXsEiLjVr7Eufo1igX2WmaVq0l4pIHtXJul-dwLlrFrbD/w378-h640/Screenshot_20230227-142321_1.jpg]
[blogger.googleusercontent.com/img/b/R29vZ2xl/AVvXsEiegKNjlqARzb0xN_TzFgmB-IIXycmvVNtIubCj9tO/s1123/Screenshot_20230227-142342_1.jpg]
[blogger.googleusercontent.com/img/b/R29vZ2xl/AVvXsEiegKNjlqARzb0xN_TzFgmB-IIXycmvVNtIubCj9tO/w384-h640/Screenshot_20230227-142342_1.jpg]
[blogger.googleusercontent.com/img/b/R29vZ2xl/AVvXsEiFnABewNmCbnP1kpU6K6cxfthnxW-DZQRO4wlppd5/s1128/Screenshot_20230227-142350_1.jpg]
[blogger.googleusercontent.com/img/b/R29vZ2xl/AVvXsEiFnABewNmCbnP1kpU6K6cxfthnxW-DZQRO4wlppd5/w382-h640/Screenshot_20230227-142350_1.jpg]
[benglalyrics.blogspot.com/2023/02/polandi-actress-sex-videos.html]
[benglalyrics.blogspot.com/feeds/1626205969676743860/comments/default]
[blogger.googleusercontent.com/img/b/R29vZ2xl/AVvXsEiwqKMQk2qG4AG-8AqJob0RZqIGSLaHi1z9EnuqqsD/s1200/Untitled design (3) (27).png]
[blogger.googleusercontent.com/img/b/R29vZ2xl/AVvXsEjbrIx70IXXyeCdTjicoxCabh2QULe1AoB8YVzPNfc/s866/Screenshot_20230227-152633_1.jpg]
[blogger.googleusercontent.com/img/b/R29vZ2xl/AVvXsEjbrIx70IXXyeCdTjicoxCabh2QULe1AoB8YVzPNfc/w498-h640/Screenshot_20230227-152633_1.jpg]
[blogger.googleusercontent.com/img/b/R29vZ2xl/AVvXsEj2ir8SOK6_qnUu5xgOdlOsS5fVFcBKXYTRXQNMCOO/s862/Screenshot_20230227-152603_1.jpg]
[blogger.googleusercontent.com/img/b/R29vZ2xl/AVvXsEj2ir8SOK6_qnUu5xgOdlOsS5fVFcBKXYTRXQNMCOO/w496-h640/Screenshot_20230227-152603_1.jpg]
[benglalyrics.blogspot.com/2023/02/texes-sexy-antuy-sex-videos.html]
[benglalyrics.blogspot.com/feeds/2617470655482631837/comments/default]
[blogger.googleusercontent.com/img/b/R29vZ2xl/AVvXsEhRuYt5ALlPq9uhdOF_3yp-Sr2wRqbAhpPqAsA8nzp/s1200/Untitled design (3) (32).png]
[blogger.googleusercontent.com/img/b/R29vZ2xl/AVvXsEiX2_9c7m32hJpgXlGlWvJH0wDzT2qz_RoqSrkoCZ1/s902/Screenshot_20230227-155513_1.jpg]
[blogger.googleusercontent.com/img/b/R29vZ2xl/AVvXsEiX2_9c7m32hJpgXlGlWvJH0wDzT2qz_RoqSrkoCZ1/w478-h640/Screenshot_20230227-155513_1.jpg]
[blogger.googleusercontent.com/img/b/R29vZ2xl/AVvXsEj3uuN7FZHs5Rdq6YSszuTAMYHa3ep5UlocAG_lhqs/s892/Screenshot_20230227-155521_1.jpg]
[blogger.googleusercontent.com/img/b/R29vZ2xl/AVvXsEj3uuN7FZHs5Rdq6YSszuTAMYHa3ep5UlocAG_lhqs/w484-h640/Screenshot_20230227-155521_1.jpg]
[benglalyrics.blogspot.com/2023/02/texes-sexy-antuy-hot-video.html]
[benglalyrics.blogspot.com/feeds/2150088653807619530/comments/default]
[blogger.googleusercontent.com/img/b/R29vZ2xl/AVvXsEhqTkyrJSXXvTukKmGoZZYiNQhizg0oYV7boeumxCe/s1200/Untitled design (3) - 2023-02-27T162454.647.png]
[blogger.googleusercontent.com/img/b/R29vZ2xl/AVvXsEgizn4cmTqjEcJQgSXn1wUczz1F-piMhOOnqgoz9s-/s675/Screenshot_20230227-160310_1.jpg]
[blogger.googleusercontent.com/img/b/R29vZ2xl/AVvXsEgizn4cmTqjEcJQgSXn1wUczz1F-piMhOOnqgoz9s-/w640-h362/Screenshot_20230227-160310_1.jpg]
[blogger.googleusercontent.com/img/b/R29vZ2xl/AVvXsEhkRm76g-OT57wnVRuPMTa95RJERZzD-z-hXDYr0Ok/s675/Screenshot_20230227-160313_1.jpg]
[blogger.googleusercontent.com/img/b/R29vZ2xl/AVvXsEhkRm76g-OT57wnVRuPMTa95RJERZzD-z-hXDYr0Ok/w640-h344/Screenshot_20230227-160313_1.jpg]
[blogger.googleusercontent.com/img/b/R29vZ2xl/AVvXsEgcIKnDaEw2Iuk6SXddYgo03lNBVVF6YC--cO0p7P1/s675/Screenshot_20230227-160306_1.jpg]
[blogger.googleusercontent.com/img/b/R29vZ2xl/AVvXsEgcIKnDaEw2Iuk6SXddYgo03lNBVVF6YC--cO0p7P1/w640-h350/Screenshot_20230227-160306_1.jpg]
[benglalyrics.blogspot.com/2023/02/texes-cute-big-boobs-girl-hot-video.html]
[benglalyrics.blogspot.com/feeds/6767603586479992026/comments/default]
[blogger.googleusercontent.com/img/b/R29vZ2xl/AVvXsEhV7XS7mDUkl_T92JB2Ox-h2ifh703daCzU0NSil92/s1200/Untitled design (3) (4).png]
[blogger.googleusercontent.com/img/b/R29vZ2xl/AVvXsEhTuP1FyAJr2H4nodtbhn4MYE8hUeEpcwVsxpuH6op/s352/IMG_20230227_090422_573.jpg]
[blogger.googleusercontent.com/img/b/R29vZ2xl/AVvXsEhTuP1FyAJr2H4nodtbhn4MYE8hUeEpcwVsxpuH6op/w640-h360/IMG_20230227_090422_573.jpg]
[blogger.googleusercontent.com/img/b/R29vZ2xl/AVvXsEiH4D5MiS7gwr6nlxv2818_D3svTxPSAlMao-X9SKv/s1280/IMG_20230227_103444_869.jpg]
[blogger.googleusercontent.com/img/b/R29vZ2xl/AVvXsEiH4D5MiS7gwr6nlxv2818_D3svTxPSAlMao-X9SKv/w512-h640/IMG_20230227_103444_869.jpg]
[benglalyrics.blogspot.com/2023/02/mexician-girl-hot-video.html]
[benglalyrics.blogspot.com/feeds/3465761430042048540/comments/default]
[blogger.googleusercontent.com/img/b/R29vZ2xl/AVvXsEijWrUpCweu4TM5w4KgzN2VxXFUMskBEWkwaJuPJ7j/s1200/Untitled design (3) (2).png]
[blogger.googleusercontent.com/img/b/R29vZ2xl/AVvXsEjq7JbXD4Fm-yZxYsjtQ9H1rsLAo3RfNxf2r2-ksS_/s1106/Screenshot_20230227-101230_1.jpg]
[blogger.googleusercontent.com/img/b/R29vZ2xl/AVvXsEjq7JbXD4Fm-yZxYsjtQ9H1rsLAo3RfNxf2r2-ksS_/w390-h640/Screenshot_20230227-101230_1.jpg]
[blogger.googleusercontent.com/img/b/R29vZ2xl/AVvXsEj9jRIJlV5c00pGAwC97ievNC26UsbHx4Qj3p9_kA3/s1089/Screenshot_20230227-101244_1.jpg]
[blogger.googleusercontent.com/img/b/R29vZ2xl/AVvXsEj9jRIJlV5c00pGAwC97ievNC26UsbHx4Qj3p9_kA3/w396-h640/Screenshot_20230227-101244_1.jpg]
[benglalyrics.blogspot.com/2023/02/amarican-tiktoker-girl-hot-video_27.html]
[benglalyrics.blogspot.com/2023/02/new-work-hot-girls-sex-video.html]
[blogger.googleusercontent.com/img/b/R29vZ2xl/AVvXsEj7ssw070ORmkJBuBBun8g_VkvWwbNYGriaSXhG9xj/w640-h382/Untitled design (3) (30).png]
[benglalyrics.blogspot.com/2023/02/new-work-girl-hot-video.html]
[blogger.googleusercontent.com/img/b/R29vZ2xl/AVvXsEi4SOdmJY7_DLtDCm7rHvcFk3I6GGBjsYuvps_Alxb/w640-h382/Untitled design (3) (28).png]
[benglalyrics.blogspot.com/2023/02/amarican-big-boobs-girl-hot-video.html]
[blogger.googleusercontent.com/img/b/R29vZ2xl/AVvXsEjUQETGrplNDMWA_uEIUNlgK-3oH2EAlV8_vTggXN7/w640-h382/Untitled design (3) (24).png]
[benglalyrics.blogspot.com/2023/02/canadian-big-boobs-girl-video.html]
[blogger.googleusercontent.com/img/b/R29vZ2xl/AVvXsEjMPN1RX9PBJXn0ZToeabhR6RLypy7bfE83rHdPY4c/w640-h382/Untitled design (3) (21).png]
[benglalyrics.blogspot.com/2023/02/canadian-big-boobs-hot-video.html]
[blogger.googleusercontent.com/img/b/R29vZ2xl/AVvXsEi_HNkKg4zfB6hYvN5oB9CeA6ecfOrEShB5bSRA_DC/w640-h382/Untitled design (3) (20).png]
[benglalyrics.blogspot.com/search/label/Amarican hot girlc3db.html]
[pinterest.com/pin/create/button/index8189.html]
[benglalyrics.blogspot.com/search/label/Amarican hot girl3dce.html]
[benglalyrics.blogspot.com/searchb8d4.html]
[benglalyrics.blogspot.com/search0653.html]
[benglalyrics.blogspot.com/searchadf7.html]
[benglalyrics.blogspot.com/searched0b.html]
[benglalyrics.blogspot.com/search6dd9.html]
[benglalyrics.blogspot.com/search989a.html]
[benglalyrics.blogspot.com/searchb994.html]
[benglalyrics.blogspot.com/search6598.html]
[benglalyrics.blogspot.com/search9f24.html]
[benglalyrics.blogspot.com/searche214.html]
[pinterest.com/pin/create/button/index9bdd.html]
[pinterest.com/pin/create/button/indexfc80.html]
[pinterest.com/pin/create/button/index696c.html]
[pinterest.com/pin/create/button/indexb6c9.html]
[pinterest.com/pin/create/button/index8235.html]
[pinterest.com/pin/create/button/index8d50.html]
[pinterest.com/pin/create/button/index4495.html]
[pinterest.com/pin/create/button/index9f6f.html]
[pinterest.com/pin/create/button/index2c8c.html]
[pinterest.com/pin/create/button/index8fe5.html]
[pinterest.com/pin/create/button/index640c.html]
[pinterest.com/pin/create/button/index0ff8.html]
[pinterest.com/pin/create/button/index9358.html]
[pinterest.com/pin/create/button/indexb0cf.html]
[pinterest.com/pin/create/button/index9288.html]
[pinterest.com/pin/create/button/indexfa71.html]
[pinterest.com/pin/create/button/indexbec2.html]
[pinterest.com/pin/create/button/index7e0a.html]
[pinterest.com/pin/create/button/indexa4b2.html]
[pinterest.com/pin/create/button/indexf98c.html]
[pinterest.com/pin/create/button/index089f.html]
[benglalyrics.blogspot.com/searchec6f.html]
[benglalyrics.blogspot.com/feeds/8943034678288324766/comments/default]
[blogger.googleusercontent.com/img/b/R29vZ2xl/AVvXsEj7ssw070ORmkJBuBBun8g_VkvWwbNYGriaSXhG9xj/s1200/Untitled design (3) (30).png]
[blogger.googleusercontent.com/img/b/R29vZ2xl/AVvXsEgZeRoLX0s0mRfoMqoT7MuKoBMmZgOHjdQN-Cv6fAb/s876/IMG_20230227_083255_955.jpg]
[blogger.googleusercontent.com/img/b/R29vZ2xl/AVvXsEgZeRoLX0s0mRfoMqoT7MuKoBMmZgOHjdQN-Cv6fAb/w438-h640/IMG_20230227_083255_955.jpg]
[blogger.googleusercontent.com/img/b/R29vZ2xl/AVvXsEjNlwQjWQcJ5oL8aURIOrMIQ1_xbj3vWIQvehGE5EJ/s1237/IMG_20230226_134638_794.jpg]
[blogger.googleusercontent.com/img/b/R29vZ2xl/AVvXsEjNlwQjWQcJ5oL8aURIOrMIQ1_xbj3vWIQvehGE5EJ/w558-h640/IMG_20230226_134638_794.jpg]
[benglalyrics.blogspot.com/2023/02/new-work-hot-girls-sex-video.html]
[benglalyrics.blogspot.com/feeds/8229578171191642673/comments/default]
[blogger.googleusercontent.com/img/b/R29vZ2xl/AVvXsEi4SOdmJY7_DLtDCm7rHvcFk3I6GGBjsYuvps_Alxb/s1200/Untitled design (3) (28).png]
[blogger.googleusercontent.com/img/b/R29vZ2xl/AVvXsEh_hzEJUQFXBFLc3gpry3LQiuwu0Tj-eDMFw1qTykJ/s604/IMG_20230226_134740_332.html]
[benglalyrics.blogspot.com/2023/02/new-work-girl-hot-video.html]
[benglalyrics.blogspot.com/2023/02/amarican-big-boobs-girl-hot-video.html]
[benglalyrics.blogspot.com/2023/02/canadian-big-boobs-girl-video.html]
[benglalyrics.blogspot.com/2023/02/canadian-big-boobs-hot-video.html]
[benglalyrics.blogspot.com/search/label/Amarican hot girl3dce.html]
[benglalyrics.blogspot.com/search0653.html]
[benglalyrics.blogspot.com/searched0b.html]
[benglalyrics.blogspot.com/search989a.html]
[benglalyrics.blogspot.com/search6598.html]
[benglalyrics.blogspot.com/search9f24.html]
[benglalyrics.blogspot.com/searchec6f.html]
[pinterest.com/pin/create/button/indexcb4d.html]
[pinterest.com/pin/create/button/indexff0e.html]
[pinterest.com/pin/create/button/indexec4c.html]
[pinterest.com/pin/create/button/index1015.html]
[pinterest.com/pin/create/button/index0c67.html]
